Archive member included to satisfy reference by file (symbol)

/home/nixuser/.config/Code/User/globalStorage/vexrobotics.vexcode/sdk/cpp/V5/V5_20240223_11_00_00/vexv5/libv5rt.a(v5_startup.c.obj)
                              (vexStartup)
/home/nixuser/.config/Code/User/globalStorage/vexrobotics.vexcode/sdk/cpp/V5/V5_20240223_11_00_00/vexv5/libv5rt.a(v5_util.c.obj)
                              /home/nixuser/.config/Code/User/globalStorage/vexrobotics.vexcode/sdk/cpp/V5/V5_20240223_11_00_00/vexv5/libv5rt.a(v5_startup.c.obj) (vexStdlibVersionLinked)
/home/nixuser/.config/Code/User/globalStorage/vexrobotics.vexcode/sdk/cpp/V5/V5_20240223_11_00_00/vexv5/libv5rt.a(v5_apijump.c.obj)
                              /home/nixuser/.config/Code/User/globalStorage/vexrobotics.vexcode/sdk/cpp/V5/V5_20240223_11_00_00/vexv5/libv5rt.a(v5_startup.c.obj) (vexPrivateApiEnable)
/home/nixuser/.config/Code/User/globalStorage/vexrobotics.vexcode/sdk/cpp/V5/V5_20240223_11_00_00/vexv5/libv5rt.a(v5_apiversions.c.obj)
                              /home/nixuser/.config/Code/User/globalStorage/vexrobotics.vexcode/sdk/cpp/V5/V5_20240223_11_00_00/vexv5/libv5rt.a(v5_apijump.c.obj) (vexSystemVersion)
/home/nixuser/.config/Code/User/globalStorage/vexrobotics.vexcode/sdk/cpp/V5/V5_20240223_11_00_00/vexv5/libv5rt.a(vex_global.cpp.obj)
                              build/src/main.o (vex::wait(double, vex::timeUnits))
/home/nixuser/.config/Code/User/globalStorage/vexrobotics.vexcode/sdk/cpp/V5/V5_20240223_11_00_00/vexv5/libv5rt.a(vex_device.cpp.obj)
                              build/src/main.o (vtable for vex::device)
/home/nixuser/.config/Code/User/globalStorage/vexrobotics.vexcode/sdk/cpp/V5/V5_20240223_11_00_00/vexv5/libv5rt.a(vex_motor.cpp.obj)
                              build/src/main.o (vex::motor::~motor())
/home/nixuser/.config/Code/User/globalStorage/vexrobotics.vexcode/sdk/cpp/V5/V5_20240223_11_00_00/vexv5/libv5rt.a(vex_imu.cpp.obj)
                              build/src/main.o (vex::inertial::~inertial())
/home/nixuser/.config/Code/User/globalStorage/vexrobotics.vexcode/sdk/cpp/V5/V5_20240223_11_00_00/vexv5/libv5rt.a(vex_rotation.cpp.obj)
                              build/src/main.o (vex::rotation::~rotation())
/home/nixuser/.config/Code/User/globalStorage/vexrobotics.vexcode/sdk/cpp/V5/V5_20240223_11_00_00/vexv5/libv5rt.a(vex_controller.cpp.obj)
                              build/src/main.o (vex::controller::~controller())
/home/nixuser/.config/Code/User/globalStorage/vexrobotics.vexcode/sdk/cpp/V5/V5_20240223_11_00_00/vexv5/libv5rt.a(vex_thread.cpp.obj)
                              /home/nixuser/.config/Code/User/globalStorage/vexrobotics.vexcode/sdk/cpp/V5/V5_20240223_11_00_00/vexv5/libv5rt.a(vex_global.cpp.obj) (vex::this_thread::sleep_for(unsigned long))
/home/nixuser/.config/Code/User/globalStorage/vexrobotics.vexcode/sdk/cpp/V5/V5_20240223_11_00_00/vexv5/libv5rt.a(vex_event.cpp.obj)
                              /home/nixuser/.config/Code/User/globalStorage/vexrobotics.vexcode/sdk/cpp/V5/V5_20240223_11_00_00/vexv5/libv5rt.a(vex_imu.cpp.obj) (vex::event::init(unsigned long, unsigned long, void (*)()))
/home/nixuser/.config/Code/User/globalStorage/vexrobotics.vexcode/sdk/cpp/V5/V5_20240223_11_00_00/vexv5/libv5rt.a(vex_mevent.cpp.obj)
                              /home/nixuser/.config/Code/User/globalStorage/vexrobotics.vexcode/sdk/cpp/V5/V5_20240223_11_00_00/vexv5/libv5rt.a(vex_controller.cpp.obj) (vex::mevent::mevent(unsigned long, unsigned long))
/home/nixuser/.config/Code/User/globalStorage/vexrobotics.vexcode/sdk/cpp/V5/V5_20240223_11_00_00/vexv5/libv5rt.a(vex_brain.cpp.obj)
                              build/src/main.o (vex::brain::brain())
/home/nixuser/.config/Code/User/globalStorage/vexrobotics.vexcode/sdk/cpp/V5/V5_20240223_11_00_00/vexv5/libv5rt.a(vex_triport.cpp.obj)
                              /home/nixuser/.config/Code/User/globalStorage/vexrobotics.vexcode/sdk/cpp/V5/V5_20240223_11_00_00/vexv5/libv5rt.a(vex_brain.cpp.obj) (vex::triport::~triport())
/home/nixuser/.config/Code/User/globalStorage/vexrobotics.vexcode/sdk/cpp/V5/V5_20240223_11_00_00/vexv5/libv5rt.a(vex_color.cpp.obj)
                              /home/nixuser/.config/Code/User/globalStorage/vexrobotics.vexcode/sdk/cpp/V5/V5_20240223_11_00_00/vexv5/libv5rt.a(vex_brain.cpp.obj) (vex::color::operator unsigned long() const)
/home/nixuser/.config/Code/User/globalStorage/vexrobotics.vexcode/sdk/cpp/V5/V5_20240223_11_00_00/vexv5/libv5rt.a(vex_timer.cpp.obj)
                              build/src/main.o (vex::timer::~timer())
/home/nixuser/.config/Code/User/globalStorage/vexrobotics.vexcode/sdk/cpp/V5/V5_20240223_11_00_00/vexv5/libv5rt.a(v5_apiuser.c.obj)
                              /home/nixuser/.config/Code/User/globalStorage/vexrobotics.vexcode/sdk/cpp/V5/V5_20240223_11_00_00/vexv5/libv5rt.a(vex_triport.cpp.obj) (vexAdiPortConfigSet)
[...]
Memory Configuration

Name             Origin             Length             Attributes
ps7_ddr_0_S_AXI_BASEADDR 0x0000000003800000 0x0000000004800000
*default*        0x0000000000000000 0xffffffffffffffff

Linker script and memory map

                0x0000000000002000                _STACK_SIZE = DEFINED (_STACK_SIZE)?_STACK_SIZE:0x2000
                0x0000000000100000                _HEAP_SIZE = DEFINED (_HEAP_SIZE)?_HEAP_SIZE:0x100000
                0x0000000000000400                _ABORT_STACK_SIZE = DEFINED (_ABORT_STACK_SIZE)?_ABORT_STACK_SIZE:0x400
                0x0000000000000800                _SUPERVISOR_STACK_SIZE = DEFINED (_SUPERVISOR_STACK_SIZE)?_SUPERVISOR_STACK_SIZE:0x800
                0x0000000000000400                _IRQ_STACK_SIZE = DEFINED (_IRQ_STACK_SIZE)?_IRQ_STACK_SIZE:0x400
                0x0000000000000400                _FIQ_STACK_SIZE = DEFINED (_FIQ_STACK_SIZE)?_FIQ_STACK_SIZE:0x400
                0x0000000000000400                _UNDEF_STACK_SIZE = DEFINED (_UNDEF_STACK_SIZE)?_UNDEF_STACK_SIZE:0x400

.text           0x0000000003800000     0x3ad0
 *(.vectors)
 *(.boot_data)
 .boot_data     0x0000000003800000       0x20 /home/nixuser/.config/Code/User/globalStorage/vexrobotics.vexcode/sdk/cpp/V5/V5_20240223_11_00_00/vexv5/libv5rt.a(v5_startup.c.obj)
                0x0000000003800000                vexCodeSig
                0x0000000000000020                . = 0x20
 *(.boot)
 .boot          0x0000000003800020       0xbc /home/nixuser/.config/Code/User/globalStorage/vexrobotics.vexcode/sdk/cpp/V5/V5_20240223_11_00_00/vexv5/libv5rt.a(v5_startup.c.obj)
                0x0000000003800020                vexStartup
                0x0000000003800100                . = ALIGN (0x40)
 *fill*         0x00000000038000dc       0x24 
 *(.freertos_vectors)
 *(.text)
 .text          0x0000000003800100       0x9a /home/nixuser/.config/Code/User/globalStorage/vexrobotics.vexcode/sdk/cpp/V5/V5_20240223_11_00_00/vexv5/gcc/libs/libc.a(lib_a-aeabi_memset-soft.o)
                0x0000000003800100                __aeabi_memset4
                0x0000000003800100                __aeabi_memset8
                0x0000000003800100                __aeabi_memset
 *(.text.*)
 *fill*         0x000000000380019a        0x2 
 .text._ZN7AngledMC2EN3vex5motorEddddddd
                0x000000000380019c       0xc0 build/src/main.o
                0x000000000380019c                AngledM::AngledM(vex::motor, double, double, double, double, double, double, double)
 .text._ZNSt6vectorI7AngledMSaIS0_EED2Ev
                0x000000000380025c       0x30 build/src/main.o
                0x000000000380025c                std::vector<AngledM, std::allocator<AngledM> >::~vector()
 .text._ZN7X_DriveD2Ev
                0x000000000380028c        0x4 build/src/main.o
                0x000000000380028c                X_Drive::~X_Drive()
 .text.main     0x0000000003800290      0x4d8 build/src/main.o
                0x0000000003800290                main
 .text._ZN9OdomWheelC2EN3vex8rotationENS0_8inertialEdddd
                0x0000000003800768      0x104 build/src/main.o
                0x0000000003800768                OdomWheel::OdomWheel(vex::rotation, vex::inertial, double, double, double, double)
 *fill*         0x000000000380086c        0x4 
 .text._ZN9OdomWheel6updateEv
                0x0000000003800870      0x220 build/src/main.o
                0x0000000003800870                OdomWheel::update()
 .text._ZN7X_Drive17get_max_rot_speedEv
                0x0000000003800a90       0xd8 build/src/main.o
                0x0000000003800a90                X_Drive::get_max_rot_speed()
 .text._ZN7X_Drive17get_max_lin_speedEd
                0x0000000003800b68       0xb0 build/src/main.o
                0x0000000003800b68                X_Drive::get_max_lin_speed(double)
 .text._ZN7X_Drive6updateEv
                0x0000000003800c18      0x240 build/src/main.o
                0x0000000003800c18                X_Drive::update()
 .text._ZNSt6vectorI7AngledMSaIS0_EEC2ERKS2_
                0x0000000003800e58       0xec build/src/main.o
                0x0000000003800e58                std::vector<AngledM, std::allocator<AngledM> >::vector(std::vector<AngledM, std::allocator<AngledM> > const&)
 .text._ZNSt12_Vector_baseI7AngledMSaIS0_EE11_M_allocateEj
                0x0000000003800f44       0x3c build/src/main.o
                0x0000000003800f44                std::_Vector_base<AngledM, std::allocator<AngledM> >::_M_allocate(unsigned int)
 .text._ZN7AngledM17get_max_lin_speedEd
                0x0000000003800f80       0xf0 build/src/main.o
                0x0000000003800f80                AngledM::get_max_lin_speed(double)
 .text._ZNSt6vectorIdSaIdEEC2EjRKS0_
                0x0000000003801070       0x54 build/src/main.o
                0x0000000003801070                std::vector<double, std::allocator<double> >::vector(unsigned int, std::allocator<double> const&)
 *fill*         0x00000000038010c4        0x4 
 .text._ZN7AngledM9set_speedEd
                0x00000000038010c8      0x148 build/src/main.o
                0x00000000038010c8                AngledM::set_speed(double)
 .text._ZNSt12_Vector_baseIdSaIdEE11_M_allocateEj
                0x0000000003801210       0x30 build/src/main.o
                0x0000000003801210                std::_Vector_base<double, std::allocator<double> >::_M_allocate(unsigned int)
 .text._ZNSt12_Destroy_auxILb0EE9__destroyIP7AngledMEEvT_S4_
                0x0000000003801240       0x38 build/src/main.o
                0x0000000003801240                void std::_Destroy_aux<false>::__destroy<AngledM*>(AngledM*, AngledM*)
 .text._GLOBAL__sub_I_main.cpp
                0x0000000003801278      0x708 build/src/main.o
 .text.vexMain  0x0000000003801980       0xb0 /home/nixuser/.config/Code/User/globalStorage/vexrobotics.vexcode/sdk/cpp/V5/V5_20240223_11_00_00/vexv5/libv5rt.a(v5_startup.c.obj)
                0x0000000003801980                vexMain
 .text.__vex_function_prolog
                0x0000000003801a30       0x18 /home/nixuser/.config/Code/User/globalStorage/vexrobotics.vexcode/sdk/cpp/V5/V5_20240223_11_00_00/vexv5/libv5rt.a(v5_startup.c.obj)
                0x0000000003801a30                __vex_function_prolog
 .text._init    0x0000000003801a48        0x4 /home/nixuser/.config/Code/User/globalStorage/vexrobotics.vexcode/sdk/cpp/V5/V5_20240223_11_00_00/vexv5/libv5rt.a(v5_startup.c.obj)
                0x0000000003801a48                _init
 .text._fini    0x0000000003801a4c        0x4 /home/nixuser/.config/Code/User/globalStorage/vexrobotics.vexcode/sdk/cpp/V5/V5_20240223_11_00_00/vexv5/libv5rt.a(v5_startup.c.obj)
                0x0000000003801a4c                _fini
 .text.vexStdlibVersionLinked
                0x0000000003801a50        0xc /home/nixuser/.config/Code/User/globalStorage/vexrobotics.vexcode/sdk/cpp/V5/V5_20240223_11_00_00/vexv5/libv5rt.a(v5_util.c.obj)
                0x0000000003801a50                vexStdlibVersionLinked
 .text.vexStdlibVersionVerify
                0x0000000003801a5c       0x30 /home/nixuser/.config/Code/User/globalStorage/vexrobotics.vexcode/sdk/cpp/V5/V5_20240223_11_00_00/vexv5/libv5rt.a(v5_util.c.obj)
                0x0000000003801a5c                vexStdlibVersionVerify
 .text.vexPrivateApiEnable
                0x0000000003801a8c       0x10 /home/nixuser/.config/Code/User/globalStorage/vexrobotics.vexcode/sdk/cpp/V5/V5_20240223_11_00_00/vexv5/libv5rt.a(v5_apijump.c.obj)
                0x0000000003801a8c                vexPrivateApiEnable
 .text.vexStdlibMismatchError
                0x0000000003801a9c       0x3c /home/nixuser/.config/Code/User/globalStorage/vexrobotics.vexcode/sdk/cpp/V5/V5_20240223_11_00_00/vexv5/libv5rt.a(v5_apijump.c.obj)
                0x0000000003801a9c                vexStdlibMismatchError
 .text.vexTaskAdd
                0x0000000003801ad8       0x10 /home/nixuser/.config/Code/User/globalStorage/vexrobotics.vexcode/sdk/cpp/V5/V5_20240223_11_00_00/vexv5/libv5rt.a(v5_apijump.c.obj)
                0x0000000003801ad8                vexTaskAdd
 .text.vexTasksRun
                0x0000000003801ae8       0x10 /home/nixuser/.config/Code/User/globalStorage/vexrobotics.vexcode/sdk/cpp/V5/V5_20240223_11_00_00/vexv5/libv5rt.a(v5_apijump.c.obj)
                0x0000000003801ae8                vexTasksRun
 .text.vexTaskCheckTimeslice
                0x0000000003801af8       0x10 /home/nixuser/.config/Code/User/globalStorage/vexrobotics.vexcode/sdk/cpp/V5/V5_20240223_11_00_00/vexv5/libv5rt.a(v5_apijump.c.obj)
                0x0000000003801af8                vexTaskCheckTimeslice
 .text.vexTaskSleep
                0x0000000003801b08       0x10 /home/nixuser/.config/Code/User/globalStorage/vexrobotics.vexcode/sdk/cpp/V5/V5_20240223_11_00_00/vexv5/libv5rt.a(v5_apijump.c.obj)
                0x0000000003801b08                vexTaskSleep
 .text.vexTasksDump
                0x0000000003801b18       0x1c /home/nixuser/.config/Code/User/globalStorage/vexrobotics.vexcode/sdk/cpp/V5/V5_20240223_11_00_00/vexv5/libv5rt.a(v5_apijump.c.obj)
                0x0000000003801b18                vexTasksDump
 .text.vexTaskGetTaskIndex
                0x0000000003801b34       0x10 /home/nixuser/.config/Code/User/globalStorage/vexrobotics.vexcode/sdk/cpp/V5/V5_20240223_11_00_00/vexv5/libv5rt.a(v5_apijump.c.obj)
                0x0000000003801b34                vexTaskGetTaskIndex
 .text.vexTaskStopAll
                0x0000000003801b44       0x10 /home/nixuser/.config/Code/User/globalStorage/vexrobotics.vexcode/sdk/cpp/V5/V5_20240223_11_00_00/vexv5/libv5rt.a(v5_apijump.c.obj)
                0x0000000003801b44                vexTaskStopAll
 .text.vexTaskCompletionIdSet
                0x0000000003801b54       0x10 /home/nixuser/.config/Code/User/globalStorage/vexrobotics.vexcode/sdk/cpp/V5/V5_20240223_11_00_00/vexv5/libv5rt.a(v5_apijump.c.obj)
                0x0000000003801b54                vexTaskCompletionIdSet
 .text.vexEventAdd
                0x0000000003801b64       0x34 /home/nixuser/.config/Code/User/globalStorage/vexrobotics.vexcode/sdk/cpp/V5/V5_20240223_11_00_00/vexv5/libv5rt.a(v5_apijump.c.obj)
                0x0000000003801b64                vexEventAdd
 .text.vexEventUserIndexGet
                0x0000000003801b98       0x1c /home/nixuser/.config/Code/User/globalStorage/vexrobotics.vexcode/sdk/cpp/V5/V5_20240223_11_00_00/vexv5/libv5rt.a(v5_apijump.c.obj)
                0x0000000003801b98                vexEventUserIndexGet
 .text.vexDebug
                0x0000000003801bb4       0x38 /home/nixuser/.config/Code/User/globalStorage/vexrobotics.vexcode/sdk/cpp/V5/V5_20240223_11_00_00/vexv5/libv5rt.a(v5_apijump.c.obj)
                0x0000000003801bb4                vexDebug
 .text.vex_vsnprintf
                0x0000000003801bec       0x3c /home/nixuser/.config/Code/User/globalStorage/vexrobotics.vexcode/sdk/cpp/V5/V5_20240223_11_00_00/vexv5/libv5rt.a(v5_apijump.c.obj)
                0x0000000003801bec                vex_vsnprintf
 .text.vexSystemTimeGet
                0x0000000003801c28       0x1c /home/nixuser/.config/Code/User/globalStorage/vexrobotics.vexcode/sdk/cpp/V5/V5_20240223_11_00_00/vexv5/libv5rt.a(v5_apijump.c.obj)
                0x0000000003801c28                vexSystemTimeGet
 .text.vexSystemExitRequest
                0x0000000003801c44       0x1c /home/nixuser/.config/Code/User/globalStorage/vexrobotics.vexcode/sdk/cpp/V5/V5_20240223_11_00_00/vexv5/libv5rt.a(v5_apijump.c.obj)
                0x0000000003801c44                vexSystemExitRequest
 .text.vexDeviceGetByIndex
                0x0000000003801c60       0x24 /home/nixuser/.config/Code/User/globalStorage/vexrobotics.vexcode/sdk/cpp/V5/V5_20240223_11_00_00/vexv5/libv5rt.a(v5_apijump.c.obj)
                0x0000000003801c60                vexDeviceGetByIndex
 .text.vexControllerGet
                0x0000000003801c84       0x2c /home/nixuser/.config/Code/User/globalStorage/vexrobotics.vexcode/sdk/cpp/V5/V5_20240223_11_00_00/vexv5/libv5rt.a(v5_apijump.c.obj)
                0x0000000003801c84                vexControllerGet
 .text.vexDeviceAdiPortConfigSet
                0x0000000003801cb0       0x34 /home/nixuser/.config/Code/User/globalStorage/vexrobotics.vexcode/sdk/cpp/V5/V5_20240223_11_00_00/vexv5/libv5rt.a(v5_apijump.c.obj)
                0x0000000003801cb0                vexDeviceAdiPortConfigSet
 .text.vexDeviceAdiPortConfigGet
                0x0000000003801ce4       0x2c /home/nixuser/.config/Code/User/globalStorage/vexrobotics.vexcode/sdk/cpp/V5/V5_20240223_11_00_00/vexv5/libv5rt.a(v5_apijump.c.obj)
                0x0000000003801ce4                vexDeviceAdiPortConfigGet
 .text.vexDeviceAdiValueSet
                0x0000000003801d10       0x34 /home/nixuser/.config/Code/User/globalStorage/vexrobotics.vexcode/sdk/cpp/V5/V5_20240223_11_00_00/vexv5/libv5rt.a(v5_apijump.c.obj)
                0x0000000003801d10                vexDeviceAdiValueSet
 .text.vexDeviceMotorVelocitySet
                0x0000000003801d44       0x2c /home/nixuser/.config/Code/User/globalStorage/vexrobotics.vexcode/sdk/cpp/V5/V5_20240223_11_00_00/vexv5/libv5rt.a(v5_apijump.c.obj)
                0x0000000003801d44                vexDeviceMotorVelocitySet
 .text.vexDeviceMotorActualVelocityGet
                0x0000000003801d70       0x24 /home/nixuser/.config/Code/User/globalStorage/vexrobotics.vexcode/sdk/cpp/V5/V5_20240223_11_00_00/vexv5/libv5rt.a(v5_apijump.c.obj)
                0x0000000003801d70                vexDeviceMotorActualVelocityGet
 .text.vexDeviceMotorReverseFlagSet
                0x0000000003801d94       0x2c /home/nixuser/.config/Code/User/globalStorage/vexrobotics.vexcode/sdk/cpp/V5/V5_20240223_11_00_00/vexv5/libv5rt.a(v5_apijump.c.obj)
                0x0000000003801d94                vexDeviceMotorReverseFlagSet
 .text.vexDeviceMotorBrakeModeSet
                0x0000000003801dc0       0x2c /home/nixuser/.config/Code/User/globalStorage/vexrobotics.vexcode/sdk/cpp/V5/V5_20240223_11_00_00/vexv5/libv5rt.a(v5_apijump.c.obj)
                0x0000000003801dc0                vexDeviceMotorBrakeModeSet
 .text.vexDeviceMotorPositionSet
                0x0000000003801dec       0x34 /home/nixuser/.config/Code/User/globalStorage/vexrobotics.vexcode/sdk/cpp/V5/V5_20240223_11_00_00/vexv5/libv5rt.a(v5_apijump.c.obj)
                0x0000000003801dec                vexDeviceMotorPositionSet
 .text.vexDeviceMotorGearingSet
                0x0000000003801e20       0x2c /home/nixuser/.config/Code/User/globalStorage/vexrobotics.vexcode/sdk/cpp/V5/V5_20240223_11_00_00/vexv5/libv5rt.a(v5_apijump.c.obj)
                0x0000000003801e20                vexDeviceMotorGearingSet
 .text.vexDeviceMotorGearingGet
                0x0000000003801e4c       0x24 /home/nixuser/.config/Code/User/globalStorage/vexrobotics.vexcode/sdk/cpp/V5/V5_20240223_11_00_00/vexv5/libv5rt.a(v5_apijump.c.obj)
                0x0000000003801e4c                vexDeviceMotorGearingGet
 .text.vexDeviceImuReset
                0x0000000003801e70       0x24 /home/nixuser/.config/Code/User/globalStorage/vexrobotics.vexcode/sdk/cpp/V5/V5_20240223_11_00_00/vexv5/libv5rt.a(v5_apijump.c.obj)
                0x0000000003801e70                vexDeviceImuReset
 .text.vexDeviceImuHeadingGet
                0x0000000003801e94       0x24 /home/nixuser/.config/Code/User/globalStorage/vexrobotics.vexcode/sdk/cpp/V5/V5_20240223_11_00_00/vexv5/libv5rt.a(v5_apijump.c.obj)
                0x0000000003801e94                vexDeviceImuHeadingGet
 .text.vexDeviceImuDegreesGet
                0x0000000003801eb8       0x24 /home/nixuser/.config/Code/User/globalStorage/vexrobotics.vexcode/sdk/cpp/V5/V5_20240223_11_00_00/vexv5/libv5rt.a(v5_apijump.c.obj)
                0x0000000003801eb8                vexDeviceImuDegreesGet
 .text.vexDeviceImuStatusGet
                0x0000000003801edc       0x24 /home/nixuser/.config/Code/User/globalStorage/vexrobotics.vexcode/sdk/cpp/V5/V5_20240223_11_00_00/vexv5/libv5rt.a(v5_apijump.c.obj)
                0x0000000003801edc                vexDeviceImuStatusGet
 .text.vexDeviceAbsEncPositionGet
                0x0000000003801f00       0x24 /home/nixuser/.config/Code/User/globalStorage/vexrobotics.vexcode/sdk/cpp/V5/V5_20240223_11_00_00/vexv5/libv5rt.a(v5_apijump.c.obj)
                0x0000000003801f00                vexDeviceAbsEncPositionGet
 .text.vexDeviceAbsEncAngleGet
                0x0000000003801f24       0x24 /home/nixuser/.config/Code/User/globalStorage/vexrobotics.vexcode/sdk/cpp/V5/V5_20240223_11_00_00/vexv5/libv5rt.a(v5_apijump.c.obj)
                0x0000000003801f24                vexDeviceAbsEncAngleGet
 .text.vexDeviceAbsEncReverseFlagSet
                0x0000000003801f48       0x2c /home/nixuser/.config/Code/User/globalStorage/vexrobotics.vexcode/sdk/cpp/V5/V5_20240223_11_00_00/vexv5/libv5rt.a(v5_apijump.c.obj)
                0x0000000003801f48                vexDeviceAbsEncReverseFlagSet
 .text.vexDisplayForegroundColor
                0x0000000003801f74       0x24 /home/nixuser/.config/Code/User/globalStorage/vexrobotics.vexcode/sdk/cpp/V5/V5_20240223_11_00_00/vexv5/libv5rt.a(v5_apijump.c.obj)
                0x0000000003801f74                vexDisplayForegroundColor
 .text.vexDisplayBackgroundColor
                0x0000000003801f98       0x24 /home/nixuser/.config/Code/User/globalStorage/vexrobotics.vexcode/sdk/cpp/V5/V5_20240223_11_00_00/vexv5/libv5rt.a(v5_apijump.c.obj)
                0x0000000003801f98                vexDisplayBackgroundColor
 .text.vexDisplayBackgroundColorGet
                0x0000000003801fbc       0x1c /home/nixuser/.config/Code/User/globalStorage/vexrobotics.vexcode/sdk/cpp/V5/V5_20240223_11_00_00/vexv5/libv5rt.a(v5_apijump.c.obj)
                0x0000000003801fbc                vexDisplayBackgroundColorGet
 .text.vexDisplayRectClear
                0x0000000003801fd8       0x4c /home/nixuser/.config/Code/User/globalStorage/vexrobotics.vexcode/sdk/cpp/V5/V5_20240223_11_00_00/vexv5/libv5rt.a(v5_apijump.c.obj)
                0x0000000003801fd8                vexDisplayRectClear
 .text.vexDisplayVPrintf
                0x0000000003802024       0x50 /home/nixuser/.config/Code/User/globalStorage/vexrobotics.vexcode/sdk/cpp/V5/V5_20240223_11_00_00/vexv5/libv5rt.a(v5_apijump.c.obj)
                0x0000000003802024                vexDisplayVPrintf
 .text.vexDisplayTextReference
                0x0000000003802074       0x24 /home/nixuser/.config/Code/User/globalStorage/vexrobotics.vexcode/sdk/cpp/V5/V5_20240223_11_00_00/vexv5/libv5rt.a(v5_apijump.c.obj)
                0x0000000003802074                vexDisplayTextReference
 .text.vexDisplayTextSize
                0x0000000003802098       0x2c /home/nixuser/.config/Code/User/globalStorage/vexrobotics.vexcode/sdk/cpp/V5/V5_20240223_11_00_00/vexv5/libv5rt.a(v5_apijump.c.obj)
                0x0000000003802098                vexDisplayTextSize
 .text.vexDisplayFontNamedSet
                0x00000000038020c4       0x24 /home/nixuser/.config/Code/User/globalStorage/vexrobotics.vexcode/sdk/cpp/V5/V5_20240223_11_00_00/vexv5/libv5rt.a(v5_apijump.c.obj)
                0x00000000038020c4                vexDisplayFontNamedSet
 .text.vexDisplayStringWidthGet
                0x00000000038020e8       0x24 /home/nixuser/.config/Code/User/globalStorage/vexrobotics.vexcode/sdk/cpp/V5/V5_20240223_11_00_00/vexv5/libv5rt.a(v5_apijump.c.obj)
                0x00000000038020e8                vexDisplayStringWidthGet
 .text.vexSystemStdlibImpureDataAddr
                0x000000000380210c       0x28 /home/nixuser/.config/Code/User/globalStorage/vexrobotics.vexcode/sdk/cpp/V5/V5_20240223_11_00_00/vexv5/libv5rt.a(v5_apijump.c.obj)
                0x000000000380210c                vexSystemStdlibImpureDataAddr
 .text.vexSystemStdlibImpureDataSize
                0x0000000003802134       0x28 /home/nixuser/.config/Code/User/globalStorage/vexrobotics.vexcode/sdk/cpp/V5/V5_20240223_11_00_00/vexv5/libv5rt.a(v5_apijump.c.obj)
                0x0000000003802134                vexSystemStdlibImpureDataSize
 .text.vexSystemSaveUserData
                0x000000000380215c       0x3c /home/nixuser/.config/Code/User/globalStorage/vexrobotics.vexcode/sdk/cpp/V5/V5_20240223_11_00_00/vexv5/libv5rt.a(v5_apijump.c.obj)
                0x000000000380215c                vexSystemSaveUserData
 .text.vexDisplayThemeIdGet
                0x0000000003802198       0x38 /home/nixuser/.config/Code/User/globalStorage/vexrobotics.vexcode/sdk/cpp/V5/V5_20240223_11_00_00/vexv5/libv5rt.a(v5_apijump.c.obj)
                0x0000000003802198                vexDisplayThemeIdGet
 .text.vexDeviceEventMaskSet
                0x00000000038021d0       0x48 /home/nixuser/.config/Code/User/globalStorage/vexrobotics.vexcode/sdk/cpp/V5/V5_20240223_11_00_00/vexv5/libv5rt.a(v5_apijump.c.obj)
                0x00000000038021d0                vexDeviceEventMaskSet
 .text.vexDeviceEventMaskGet
                0x0000000003802218       0x3c /home/nixuser/.config/Code/User/globalStorage/vexrobotics.vexcode/sdk/cpp/V5/V5_20240223_11_00_00/vexv5/libv5rt.a(v5_apijump.c.obj)
                0x0000000003802218                vexDeviceEventMaskGet
 .text.vexSystemVersion
                0x0000000003802254       0x10 /home/nixuser/.config/Code/User/globalStorage/vexrobotics.vexcode/sdk/cpp/V5/V5_20240223_11_00_00/vexv5/libv5rt.a(v5_apiversions.c.obj)
                0x0000000003802254                vexSystemVersion
 .text.vexStdlibVersion
                0x0000000003802264       0x10 /home/nixuser/.config/Code/User/globalStorage/vexrobotics.vexcode/sdk/cpp/V5/V5_20240223_11_00_00/vexv5/libv5rt.a(v5_apiversions.c.obj)
                0x0000000003802264                vexStdlibVersion
 *fill*         0x0000000003802274        0x4 
 .text._ZN3vex4waitEdNS_9timeUnitsE
                0x0000000003802278       0x30 /home/nixuser/.config/Code/User/globalStorage/vexrobotics.vexcode/sdk/cpp/V5/V5_20240223_11_00_00/vexv5/libv5rt.a(vex_global.cpp.obj)
                0x0000000003802278                vex::wait(double, vex::timeUnits)
 .text._ZN3vex6deviceD2Ev
                0x00000000038022a8        0x4 /home/nixuser/.config/Code/User/globalStorage/vexrobotics.vexcode/sdk/cpp/V5/V5_20240223_11_00_00/vexv5/libv5rt.a(vex_device.cpp.obj)
                0x00000000038022a8                vex::device::~device()
                0x00000000038022a8                vex::device::~device()
 .text._ZN3vex6device5valueEv
                0x00000000038022ac        0x8 /home/nixuser/.config/Code/User/globalStorage/vexrobotics.vexcode/sdk/cpp/V5/V5_20240223_11_00_00/vexv5/libv5rt.a(vex_device.cpp.obj)
                0x00000000038022ac                vex::device::value()
 .text._ZN3vex6deviceD0Ev
                0x00000000038022b4       0x14 /home/nixuser/.config/Code/User/globalStorage/vexrobotics.vexcode/sdk/cpp/V5/V5_20240223_11_00_00/vexv5/libv5rt.a(vex_device.cpp.obj)
                0x00000000038022b4                vex::device::~device()
 .text._ZN3vex6device4initEl
                0x00000000038022c8       0x30 /home/nixuser/.config/Code/User/globalStorage/vexrobotics.vexcode/sdk/cpp/V5/V5_20240223_11_00_00/vexv5/libv5rt.a(vex_device.cpp.obj)
                0x00000000038022c8                vex::device::init(long)
 .text._ZN3vex6deviceC2El
                0x00000000038022f8       0x20 /home/nixuser/.config/Code/User/globalStorage/vexrobotics.vexcode/sdk/cpp/V5/V5_20240223_11_00_00/vexv5/libv5rt.a(vex_device.cpp.obj)
                0x00000000038022f8                vex::device::device(long)
                0x00000000038022f8                vex::device::device(long)
 .text._ZN3vex6device4typeEv
                0x0000000003802318       0x10 /home/nixuser/.config/Code/User/globalStorage/vexrobotics.vexcode/sdk/cpp/V5/V5_20240223_11_00_00/vexv5/libv5rt.a(vex_device.cpp.obj)
                0x0000000003802318                vex::device::type()
 .text._ZN3vex6device9installedEv
                0x0000000003802328       0x14 /home/nixuser/.config/Code/User/globalStorage/vexrobotics.vexcode/sdk/cpp/V5/V5_20240223_11_00_00/vexv5/libv5rt.a(vex_device.cpp.obj)
                0x0000000003802328                vex::device::installed()
 .text._ZN3vex5motorD2Ev
                0x000000000380233c       0x20 /home/nixuser/.config/Code/User/globalStorage/vexrobotics.vexcode/sdk/cpp/V5/V5_20240223_11_00_00/vexv5/libv5rt.a(vex_motor.cpp.obj)
                0x000000000380233c                vex::motor::~motor()
                0x000000000380233c                vex::motor::~motor()
 .text._ZN3vex5motorD0Ev
                0x000000000380235c       0x1c /home/nixuser/.config/Code/User/globalStorage/vexrobotics.vexcode/sdk/cpp/V5/V5_20240223_11_00_00/vexv5/libv5rt.a(vex_motor.cpp.obj)
                0x000000000380235c                vex::motor::~motor()
 .text._ZN3vex5motor9installedEv
                0x0000000003802378       0x18 /home/nixuser/.config/Code/User/globalStorage/vexrobotics.vexcode/sdk/cpp/V5/V5_20240223_11_00_00/vexv5/libv5rt.a(vex_motor.cpp.obj)
                0x0000000003802378                vex::motor::installed()
 .text._ZN3vex5motor15defaultStoppingENS_9brakeTypeE
                0x0000000003802390       0x30 /home/nixuser/.config/Code/User/globalStorage/vexrobotics.vexcode/sdk/cpp/V5/V5_20240223_11_00_00/vexv5/libv5rt.a(vex_motor.cpp.obj)
                0x0000000003802390                vex::motor::defaultStopping(vex::brakeType)
 .text._ZN3vex5motorC2El
                0x00000000038023c0       0x78 /home/nixuser/.config/Code/User/globalStorage/vexrobotics.vexcode/sdk/cpp/V5/V5_20240223_11_00_00/vexv5/libv5rt.a(vex_motor.cpp.obj)
                0x00000000038023c0                vex::motor::motor(long)
                0x00000000038023c0                vex::motor::motor(long)
 .text._ZN3vex5motorC2ElNS_11gearSettingEb
                0x0000000003802438       0x34 /home/nixuser/.config/Code/User/globalStorage/vexrobotics.vexcode/sdk/cpp/V5/V5_20240223_11_00_00/vexv5/libv5rt.a(vex_motor.cpp.obj)
                0x0000000003802438                vex::motor::motor(long, vex::gearSetting, bool)
                0x0000000003802438                vex::motor::motor(long, vex::gearSetting, bool)
 .text._ZN3vex5motor16velocityToScaledEdNS_13velocityUnitsE
                0x000000000380246c       0x5c /home/nixuser/.config/Code/User/globalStorage/vexrobotics.vexcode/sdk/cpp/V5/V5_20240223_11_00_00/vexv5/libv5rt.a(vex_motor.cpp.obj)
                0x000000000380246c                vex::motor::velocityToScaled(double, vex::velocityUnits)
 .text._ZN3vex5motor8velocityENS_13velocityUnitsE
                0x00000000038024c8       0x30 /home/nixuser/.config/Code/User/globalStorage/vexrobotics.vexcode/sdk/cpp/V5/V5_20240223_11_00_00/vexv5/libv5rt.a(vex_motor.cpp.obj)
                0x00000000038024c8                vex::motor::velocity(vex::velocityUnits)
 .text._ZN3vex5motor5valueEv
                0x00000000038024f8       0x1c /home/nixuser/.config/Code/User/globalStorage/vexrobotics.vexcode/sdk/cpp/V5/V5_20240223_11_00_00/vexv5/libv5rt.a(vex_motor.cpp.obj)
                0x00000000038024f8                vex::motor::value()
 .text._ZN3vex5motor16scaledToVelocityEdNS_13velocityUnitsE
                0x0000000003802514       0xa4 /home/nixuser/.config/Code/User/globalStorage/vexrobotics.vexcode/sdk/cpp/V5/V5_20240223_11_00_00/vexv5/libv5rt.a(vex_motor.cpp.obj)
                0x0000000003802514                vex::motor::scaledToVelocity(double, vex::velocityUnits)
 .text._ZN3vex5motor4spinENS_13directionTypeEdNS_13velocityUnitsE
                0x00000000038025b8       0x5c /home/nixuser/.config/Code/User/globalStorage/vexrobotics.vexcode/sdk/cpp/V5/V5_20240223_11_00_00/vexv5/libv5rt.a(vex_motor.cpp.obj)
                0x00000000038025b8                vex::motor::spin(vex::directionType, double, vex::velocityUnits)
 .text._ZN3vex8inertial11getTurnTypeEv
                0x0000000003802614        0x8 /home/nixuser/.config/Code/User/globalStorage/vexrobotics.vexcode/sdk/cpp/V5/V5_20240223_11_00_00/vexv5/libv5rt.a(vex_imu.cpp.obj)
                0x0000000003802614                vex::inertial::getTurnType()
 .text._ZThn16_N3vex8inertial11getTurnTypeEv
                0x000000000380261c        0x8 /home/nixuser/.config/Code/User/globalStorage/vexrobotics.vexcode/sdk/cpp/V5/V5_20240223_11_00_00/vexv5/libv5rt.a(vex_imu.cpp.obj)
                0x000000000380261c                non-virtual thunk to vex::inertial::getTurnType()
 *fill*         0x0000000003802624        0x4 
 .text._ZN3vex8inertial10setHeadingEdNS_13rotationUnitsE
                0x0000000003802628       0x58 /home/nixuser/.config/Code/User/globalStorage/vexrobotics.vexcode/sdk/cpp/V5/V5_20240223_11_00_00/vexv5/libv5rt.a(vex_imu.cpp.obj)
                0x0000000003802628                vex::inertial::setHeading(double, vex::rotationUnits)
 .text._ZThn16_N3vex8inertial10setHeadingEdNS_13rotationUnitsE
                0x0000000003802680        0x8 /home/nixuser/.config/Code/User/globalStorage/vexrobotics.vexcode/sdk/cpp/V5/V5_20240223_11_00_00/vexv5/libv5rt.a(vex_imu.cpp.obj)
                0x0000000003802680                non-virtual thunk to vex::inertial::setHeading(double, vex::rotationUnits)
 .text._ZN3vex8inertial11setRotationEdNS_13rotationUnitsE
                0x0000000003802688       0x58 /home/nixuser/.config/Code/User/globalStorage/vexrobotics.vexcode/sdk/cpp/V5/V5_20240223_11_00_00/vexv5/libv5rt.a(vex_imu.cpp.obj)
                0x0000000003802688                vex::inertial::setRotation(double, vex::rotationUnits)
 .text._ZThn16_N3vex8inertial11setRotationEdNS_13rotationUnitsE
                0x00000000038026e0        0x8 /home/nixuser/.config/Code/User/globalStorage/vexrobotics.vexcode/sdk/cpp/V5/V5_20240223_11_00_00/vexv5/libv5rt.a(vex_imu.cpp.obj)
                0x00000000038026e0                non-virtual thunk to vex::inertial::setRotation(double, vex::rotationUnits)
 .text._ZN3vex8inertialD2Ev
                0x00000000038026e8       0x20 /home/nixuser/.config/Code/User/globalStorage/vexrobotics.vexcode/sdk/cpp/V5/V5_20240223_11_00_00/vexv5/libv5rt.a(vex_imu.cpp.obj)
                0x00000000038026e8                vex::inertial::~inertial()
                0x00000000038026e8                vex::inertial::~inertial()
 .text._ZThn16_N3vex8inertialD1Ev
                0x0000000003802708        0x8 /home/nixuser/.config/Code/User/globalStorage/vexrobotics.vexcode/sdk/cpp/V5/V5_20240223_11_00_00/vexv5/libv5rt.a(vex_imu.cpp.obj)
                0x0000000003802708                non-virtual thunk to vex::inertial::~inertial()
 .text._ZN3vex8inertialD0Ev
                0x0000000003802710       0x1c /home/nixuser/.config/Code/User/globalStorage/vexrobotics.vexcode/sdk/cpp/V5/V5_20240223_11_00_00/vexv5/libv5rt.a(vex_imu.cpp.obj)
                0x0000000003802710                vex::inertial::~inertial()
 .text._ZThn16_N3vex8inertialD0Ev
                0x000000000380272c        0x8 /home/nixuser/.config/Code/User/globalStorage/vexrobotics.vexcode/sdk/cpp/V5/V5_20240223_11_00_00/vexv5/libv5rt.a(vex_imu.cpp.obj)
                0x000000000380272c                non-virtual thunk to vex::inertial::~inertial()
 .text._ZN3vex8inertial9installedEv
                0x0000000003802734       0x18 /home/nixuser/.config/Code/User/globalStorage/vexrobotics.vexcode/sdk/cpp/V5/V5_20240223_11_00_00/vexv5/libv5rt.a(vex_imu.cpp.obj)
                0x0000000003802734                vex::inertial::installed()
 .text._ZN3vex8inertial5angleENS_13rotationUnitsE
                0x000000000380274c       0x6c /home/nixuser/.config/Code/User/globalStorage/vexrobotics.vexcode/sdk/cpp/V5/V5_20240223_11_00_00/vexv5/libv5rt.a(vex_imu.cpp.obj)
                0x000000000380274c                vex::inertial::angle(vex::rotationUnits)
 .text._ZThn16_N3vex8inertial5angleENS_13rotationUnitsE
                0x00000000038027b8        0x8 /home/nixuser/.config/Code/User/globalStorage/vexrobotics.vexcode/sdk/cpp/V5/V5_20240223_11_00_00/vexv5/libv5rt.a(vex_imu.cpp.obj)
                0x00000000038027b8                non-virtual thunk to vex::inertial::angle(vex::rotationUnits)
 .text._ZN3vex8inertial7headingENS_13rotationUnitsE
                0x00000000038027c0        0x4 /home/nixuser/.config/Code/User/globalStorage/vexrobotics.vexcode/sdk/cpp/V5/V5_20240223_11_00_00/vexv5/libv5rt.a(vex_imu.cpp.obj)
                0x00000000038027c0                vex::inertial::heading(vex::rotationUnits)
 .text._ZThn16_N3vex8inertial7headingENS_13rotationUnitsE
                0x00000000038027c4        0x8 /home/nixuser/.config/Code/User/globalStorage/vexrobotics.vexcode/sdk/cpp/V5/V5_20240223_11_00_00/vexv5/libv5rt.a(vex_imu.cpp.obj)
                0x00000000038027c4                non-virtual thunk to vex::inertial::heading(vex::rotationUnits)
 .text._ZN3vex8inertial5valueEv
                0x00000000038027cc       0x1c /home/nixuser/.config/Code/User/globalStorage/vexrobotics.vexcode/sdk/cpp/V5/V5_20240223_11_00_00/vexv5/libv5rt.a(vex_imu.cpp.obj)
                0x00000000038027cc                vex::inertial::value()
 .text._ZN3vex8inertial8rotationENS_13rotationUnitsE
                0x00000000038027e8       0x48 /home/nixuser/.config/Code/User/globalStorage/vexrobotics.vexcode/sdk/cpp/V5/V5_20240223_11_00_00/vexv5/libv5rt.a(vex_imu.cpp.obj)
                0x00000000038027e8                vex::inertial::rotation(vex::rotationUnits)
 .text._ZThn16_N3vex8inertial8rotationENS_13rotationUnitsE
                0x0000000003802830        0x8 /home/nixuser/.config/Code/User/globalStorage/vexrobotics.vexcode/sdk/cpp/V5/V5_20240223_11_00_00/vexv5/libv5rt.a(vex_imu.cpp.obj)
                0x0000000003802830                non-virtual thunk to vex::inertial::rotation(vex::rotationUnits)
 .text._ZN3vex8inertial13isCalibratingEv
                0x0000000003802838       0x38 /home/nixuser/.config/Code/User/globalStorage/vexrobotics.vexcode/sdk/cpp/V5/V5_20240223_11_00_00/vexv5/libv5rt.a(vex_imu.cpp.obj)
                0x0000000003802838                vex::inertial::isCalibrating()
 .text._ZThn16_N3vex8inertial13isCalibratingEv
                0x0000000003802870        0x8 /home/nixuser/.config/Code/User/globalStorage/vexrobotics.vexcode/sdk/cpp/V5/V5_20240223_11_00_00/vexv5/libv5rt.a(vex_imu.cpp.obj)
                0x0000000003802870                non-virtual thunk to vex::inertial::isCalibrating()
 .text._ZN3vex8inertialC2ElNS_8turnTypeE
                0x0000000003802878       0x4c /home/nixuser/.config/Code/User/globalStorage/vexrobotics.vexcode/sdk/cpp/V5/V5_20240223_11_00_00/vexv5/libv5rt.a(vex_imu.cpp.obj)
                0x0000000003802878                vex::inertial::inertial(long, vex::turnType)
                0x0000000003802878                vex::inertial::inertial(long, vex::turnType)
 .text._ZN3vex8inertial16startCalibrationEl
                0x00000000038028c4       0x20 /home/nixuser/.config/Code/User/globalStorage/vexrobotics.vexcode/sdk/cpp/V5/V5_20240223_11_00_00/vexv5/libv5rt.a(vex_imu.cpp.obj)
                0x00000000038028c4                vex::inertial::startCalibration(long)
 .text._ZN3vex8inertial9calibrateEl
                0x00000000038028e4        0xc /home/nixuser/.config/Code/User/globalStorage/vexrobotics.vexcode/sdk/cpp/V5/V5_20240223_11_00_00/vexv5/libv5rt.a(vex_imu.cpp.obj)
                0x00000000038028e4                vex::inertial::calibrate(long)
                0x00000000038028e8                non-virtual thunk to vex::inertial::calibrate(long)
 .text._ZN3vex8rotationD2Ev
                0x00000000038028f0       0x20 /home/nixuser/.config/Code/User/globalStorage/vexrobotics.vexcode/sdk/cpp/V5/V5_20240223_11_00_00/vexv5/libv5rt.a(vex_rotation.cpp.obj)
                0x00000000038028f0                vex::rotation::~rotation()
                0x00000000038028f0                vex::rotation::~rotation()
 .text._ZN3vex8rotationD0Ev
                0x0000000003802910       0x1c /home/nixuser/.config/Code/User/globalStorage/vexrobotics.vexcode/sdk/cpp/V5/V5_20240223_11_00_00/vexv5/libv5rt.a(vex_rotation.cpp.obj)
                0x0000000003802910                vex::rotation::~rotation()
 .text._ZN3vex8rotation9installedEv
                0x000000000380292c       0x18 /home/nixuser/.config/Code/User/globalStorage/vexrobotics.vexcode/sdk/cpp/V5/V5_20240223_11_00_00/vexv5/libv5rt.a(vex_rotation.cpp.obj)
                0x000000000380292c                vex::rotation::installed()
 .text._ZN3vex8rotation5valueEv
                0x0000000003802944        0x8 /home/nixuser/.config/Code/User/globalStorage/vexrobotics.vexcode/sdk/cpp/V5/V5_20240223_11_00_00/vexv5/libv5rt.a(vex_rotation.cpp.obj)
                0x0000000003802944                vex::rotation::value()
 .text._ZN3vex8rotationC2Elb
                0x000000000380294c       0x30 /home/nixuser/.config/Code/User/globalStorage/vexrobotics.vexcode/sdk/cpp/V5/V5_20240223_11_00_00/vexv5/libv5rt.a(vex_rotation.cpp.obj)
                0x000000000380294c                vex::rotation::rotation(long, bool)
                0x000000000380294c                vex::rotation::rotation(long, bool)
 *fill*         0x000000000380297c        0x4 
 .text._ZN3vex8rotation8positionENS_13rotationUnitsE
                0x0000000003802980       0x50 /home/nixuser/.config/Code/User/globalStorage/vexrobotics.vexcode/sdk/cpp/V5/V5_20240223_11_00_00/vexv5/libv5rt.a(vex_rotation.cpp.obj)
                0x0000000003802980                vex::rotation::position(vex::rotationUnits)
 .text._ZN3vex10controllerD2Ev
                0x00000000038029d0        0x4 /home/nixuser/.config/Code/User/globalStorage/vexrobotics.vexcode/sdk/cpp/V5/V5_20240223_11_00_00/vexv5/libv5rt.a(vex_controller.cpp.obj)
                0x00000000038029d0                vex::controller::~controller()
                0x00000000038029d0                vex::controller::~controller()
 .text._ZN3vex10controller5valueE19_V5_ControllerIndex
                0x00000000038029d4        0x8 /home/nixuser/.config/Code/User/globalStorage/vexrobotics.vexcode/sdk/cpp/V5/V5_20240223_11_00_00/vexv5/libv5rt.a(vex_controller.cpp.obj)
                0x00000000038029d4                vex::controller::value(_V5_ControllerIndex)
 .text._ZNK3vex10controller6button8pressingEv
                0x00000000038029dc       0xc8 /home/nixuser/.config/Code/User/globalStorage/vexrobotics.vexcode/sdk/cpp/V5/V5_20240223_11_00_00/vexv5/libv5rt.a(vex_controller.cpp.obj)
                0x00000000038029dc                vex::controller::button::pressing() const
 .text._ZNK3vex10controller6button21_buttonToPressedEventEv
                0x0000000003802aa4       0x20 /home/nixuser/.config/Code/User/globalStorage/vexrobotics.vexcode/sdk/cpp/V5/V5_20240223_11_00_00/vexv5/libv5rt.a(vex_controller.cpp.obj)
                0x0000000003802aa4                vex::controller::button::_buttonToPressedEvent() const
 .text._ZNK3vex10controller6button22_buttonToReleasedEventEv
                0x0000000003802ac4       0x20 /home/nixuser/.config/Code/User/globalStorage/vexrobotics.vexcode/sdk/cpp/V5/V5_20240223_11_00_00/vexv5/libv5rt.a(vex_controller.cpp.obj)
                0x0000000003802ac4                vex::controller::button::_buttonToReleasedEvent() const
 .text._ZN3vex10controller6buttonC2ENS0_11tButtonTypeEPS0_
                0x0000000003802ae4       0x48 /home/nixuser/.config/Code/User/globalStorage/vexrobotics.vexcode/sdk/cpp/V5/V5_20240223_11_00_00/vexv5/libv5rt.a(vex_controller.cpp.obj)
                0x0000000003802ae4                vex::controller::button::button(vex::controller::tButtonType, vex::controller*)
                0x0000000003802ae4                vex::controller::button::button(vex::controller::tButtonType, vex::controller*)
 .text._ZNK3vex10controller4axis5valueEv
                0x0000000003802b2c       0x58 /home/nixuser/.config/Code/User/globalStorage/vexrobotics.vexcode/sdk/cpp/V5/V5_20240223_11_00_00/vexv5/libv5rt.a(vex_controller.cpp.obj)
                0x0000000003802b2c                vex::controller::axis::value() const
 .text._ZNK3vex10controller4axis8positionENS_12percentUnitsE
                0x0000000003802b84       0x1c /home/nixuser/.config/Code/User/globalStorage/vexrobotics.vexcode/sdk/cpp/V5/V5_20240223_11_00_00/vexv5/libv5rt.a(vex_controller.cpp.obj)
                0x0000000003802b84                vex::controller::axis::position(vex::percentUnits) const
 .text._ZNK3vex10controller4axis23_joystickToChangedEventEv
                0x0000000003802ba0       0x20 /home/nixuser/.config/Code/User/globalStorage/vexrobotics.vexcode/sdk/cpp/V5/V5_20240223_11_00_00/vexv5/libv5rt.a(vex_controller.cpp.obj)
                0x0000000003802ba0                vex::controller::axis::_joystickToChangedEvent() const
 .text._ZN3vex10controller4axisC2ENS0_9tAxisTypeEPS0_
                0x0000000003802bc0       0x2c /home/nixuser/.config/Code/User/globalStorage/vexrobotics.vexcode/sdk/cpp/V5/V5_20240223_11_00_00/vexv5/libv5rt.a(vex_controller.cpp.obj)
                0x0000000003802bc0                vex::controller::axis::axis(vex::controller::tAxisType, vex::controller*)
                0x0000000003802bc0                vex::controller::axis::axis(vex::controller::tAxisType, vex::controller*)
 .text._ZN3vex10controllerC2ENS_14controllerTypeE
                0x0000000003802bec      0x16c /home/nixuser/.config/Code/User/globalStorage/vexrobotics.vexcode/sdk/cpp/V5/V5_20240223_11_00_00/vexv5/libv5rt.a(vex_controller.cpp.obj)
                0x0000000003802bec                vex::controller::controller(vex::controllerType)
                0x0000000003802bec                vex::controller::controller(vex::controllerType)
 .text._ZN3vex11this_thread9sleep_forEm
                0x0000000003802d58        0x4 /home/nixuser/.config/Code/User/globalStorage/vexrobotics.vexcode/sdk/cpp/V5/V5_20240223_11_00_00/vexv5/libv5rt.a(vex_thread.cpp.obj)
                0x0000000003802d58                vex::this_thread::sleep_for(unsigned long)
 .text._ZN3vex5event4initEmmPFvvE
                0x0000000003802d5c        0x4 /home/nixuser/.config/Code/User/globalStorage/vexrobotics.vexcode/sdk/cpp/V5/V5_20240223_11_00_00/vexv5/libv5rt.a(vex_event.cpp.obj)
                0x0000000003802d5c                vex::event::init(unsigned long, unsigned long, void (*)())
 .text._ZN3vex5event9userindexEv
                0x0000000003802d60        0x4 /home/nixuser/.config/Code/User/globalStorage/vexrobotics.vexcode/sdk/cpp/V5/V5_20240223_11_00_00/vexv5/libv5rt.a(vex_event.cpp.obj)
                0x0000000003802d60                vex::event::userindex()
 .text._ZZN3vex6meventC4EmmENUlvE_4_FUNEv
                0x0000000003802d64        0x4 /home/nixuser/.config/Code/User/globalStorage/vexrobotics.vexcode/sdk/cpp/V5/V5_20240223_11_00_00/vexv5/libv5rt.a(vex_mevent.cpp.obj)
 .text._ZN3vex6meventC2Emm
                0x0000000003802d68       0x70 /home/nixuser/.config/Code/User/globalStorage/vexrobotics.vexcode/sdk/cpp/V5/V5_20240223_11_00_00/vexv5/libv5rt.a(vex_mevent.cpp.obj)
                0x0000000003802d68                vex::mevent::mevent(unsigned long, unsigned long)
                0x0000000003802d68                vex::mevent::mevent(unsigned long, unsigned long)
 .text._ZN3vex5brain9_getIndexEv
                0x0000000003802dd8       0x10 /home/nixuser/.config/Code/User/globalStorage/vexrobotics.vexcode/sdk/cpp/V5/V5_20240223_11_00_00/vexv5/libv5rt.a(vex_brain.cpp.obj)
                0x0000000003802dd8                vex::brain::_getIndex()
 .text._ZN3vex5brain3lcd9setCursorEll
                0x0000000003802de8       0x44 /home/nixuser/.config/Code/User/globalStorage/vexrobotics.vexcode/sdk/cpp/V5/V5_20240223_11_00_00/vexv5/libv5rt.a(vex_brain.cpp.obj)
                0x0000000003802de8                vex::brain::lcd::setCursor(long, long)
 .text._ZN3vex5brain3lcd7setFontENS_8fontTypeE
                0x0000000003802e2c      0x23c /home/nixuser/.config/Code/User/globalStorage/vexrobotics.vexcode/sdk/cpp/V5/V5_20240223_11_00_00/vexv5/libv5rt.a(vex_brain.cpp.obj)
                0x0000000003802e2c                vex::brain::lcd::setFont(vex::fontType)
 .text._ZN3vex5brain3lcdC2Ev
                0x0000000003803068       0x94 /home/nixuser/.config/Code/User/globalStorage/vexrobotics.vexcode/sdk/cpp/V5/V5_20240223_11_00_00/vexv5/libv5rt.a(vex_brain.cpp.obj)
                0x0000000003803068                vex::brain::lcd::lcd()
                0x0000000003803068                vex::brain::lcd::lcd()
 .text._ZN3vex5brainC2Ev
                0x00000000038030fc       0x3c /home/nixuser/.config/Code/User/globalStorage/vexrobotics.vexcode/sdk/cpp/V5/V5_20240223_11_00_00/vexv5/libv5rt.a(vex_brain.cpp.obj)
                0x00000000038030fc                vex::brain::brain()
                0x00000000038030fc                vex::brain::brain()
 .text._ZN3vex5brain3lcd12_clearScreenEm
                0x0000000003803138       0x38 /home/nixuser/.config/Code/User/globalStorage/vexrobotics.vexcode/sdk/cpp/V5/V5_20240223_11_00_00/vexv5/libv5rt.a(vex_brain.cpp.obj)
                0x0000000003803138                vex::brain::lcd::_clearScreen(unsigned long)
 .text._ZN3vex5brain3lcd11clearScreenERKNS_5colorE
                0x0000000003803170       0x20 /home/nixuser/.config/Code/User/globalStorage/vexrobotics.vexcode/sdk/cpp/V5/V5_20240223_11_00_00/vexv5/libv5rt.a(vex_brain.cpp.obj)
                0x0000000003803170                vex::brain::lcd::clearScreen(vex::color const&)
 .text._ZN3vex5brain3lcd11clearScreenEv
                0x0000000003803190       0x2c /home/nixuser/.config/Code/User/globalStorage/vexrobotics.vexcode/sdk/cpp/V5/V5_20240223_11_00_00/vexv5/libv5rt.a(vex_brain.cpp.obj)
                0x0000000003803190                vex::brain::lcd::clearScreen()
 .text._ZN3vex5brain3lcd10rowToPixelEl
                0x00000000038031bc       0x34 /home/nixuser/.config/Code/User/globalStorage/vexrobotics.vexcode/sdk/cpp/V5/V5_20240223_11_00_00/vexv5/libv5rt.a(vex_brain.cpp.obj)
                0x00000000038031bc                vex::brain::lcd::rowToPixel(long)
 .text._ZN3vex5brain3lcd5printEPKcz
                0x00000000038031f0       0xb8 /home/nixuser/.config/Code/User/globalStorage/vexrobotics.vexcode/sdk/cpp/V5/V5_20240223_11_00_00/vexv5/libv5rt.a(vex_brain.cpp.obj)
                0x00000000038031f0                vex::brain::lcd::print(char const*, ...)
 .text._ZN3vex5brainD2Ev
                0x00000000038032a8       0x20 /home/nixuser/.config/Code/User/globalStorage/vexrobotics.vexcode/sdk/cpp/V5/V5_20240223_11_00_00/vexv5/libv5rt.a(vex_brain.cpp.obj)
                0x00000000038032a8                vex::brain::~brain()
                0x00000000038032a8                vex::brain::~brain()
 .text._ZN3vex7triportD2Ev
                0x00000000038032c8       0x38 /home/nixuser/.config/Code/User/globalStorage/vexrobotics.vexcode/sdk/cpp/V5/V5_20240223_11_00_00/vexv5/libv5rt.a(vex_triport.cpp.obj)
                0x00000000038032c8                vex::triport::~triport()
                0x00000000038032c8                vex::triport::~triport()
 .text._ZN3vex7triportD0Ev
                0x0000000003803300       0x1c /home/nixuser/.config/Code/User/globalStorage/vexrobotics.vexcode/sdk/cpp/V5/V5_20240223_11_00_00/vexv5/libv5rt.a(vex_triport.cpp.obj)
                0x0000000003803300                vex::triport::~triport()
 .text._ZN3vex7triport9installedEv
                0x000000000380331c       0x18 /home/nixuser/.config/Code/User/globalStorage/vexrobotics.vexcode/sdk/cpp/V5/V5_20240223_11_00_00/vexv5/libv5rt.a(vex_triport.cpp.obj)
                0x000000000380331c                vex::triport::installed()
 .text._ZN3vex7triport4portC2ElPS0_
                0x0000000003803334       0x74 /home/nixuser/.config/Code/User/globalStorage/vexrobotics.vexcode/sdk/cpp/V5/V5_20240223_11_00_00/vexv5/libv5rt.a(vex_triport.cpp.obj)
                0x0000000003803334                vex::triport::port::port(long, vex::triport*)
                0x0000000003803334                vex::triport::port::port(long, vex::triport*)
 .text._ZN3vex7triportC2El
                0x00000000038033a8       0xf0 /home/nixuser/.config/Code/User/globalStorage/vexrobotics.vexcode/sdk/cpp/V5/V5_20240223_11_00_00/vexv5/libv5rt.a(vex_triport.cpp.obj)
                0x00000000038033a8                vex::triport::triport(long)
                0x00000000038033a8                vex::triport::triport(long)
 .text._ZN3vex7triport4port4typeENS_11triportTypeE
                0x0000000003803498       0x30 /home/nixuser/.config/Code/User/globalStorage/vexrobotics.vexcode/sdk/cpp/V5/V5_20240223_11_00_00/vexv5/libv5rt.a(vex_triport.cpp.obj)
                0x0000000003803498                vex::triport::port::type(vex::triportType)
 .text._ZN3vex7triport4port4typeEv
                0x00000000038034c8       0x38 /home/nixuser/.config/Code/User/globalStorage/vexrobotics.vexcode/sdk/cpp/V5/V5_20240223_11_00_00/vexv5/libv5rt.a(vex_triport.cpp.obj)
                0x00000000038034c8                vex::triport::port::type()
 .text._ZN3vex7triport4port5valueEl
                0x0000000003803500       0x18 /home/nixuser/.config/Code/User/globalStorage/vexrobotics.vexcode/sdk/cpp/V5/V5_20240223_11_00_00/vexv5/libv5rt.a(vex_triport.cpp.obj)
                0x0000000003803500                vex::triport::port::value(long)
 .text._ZN3vex11__trideviceC2ERNS_7triport4portENS_11triportTypeE
                0x0000000003803518       0x5c /home/nixuser/.config/Code/User/globalStorage/vexrobotics.vexcode/sdk/cpp/V5/V5_20240223_11_00_00/vexv5/libv5rt.a(vex_triport.cpp.obj)
                0x0000000003803518                vex::__tridevice::__tridevice(vex::triport::port&, vex::triportType)
                0x0000000003803518                vex::__tridevice::__tridevice(vex::triport::port&, vex::triportType)
 .text._ZN3vex11digital_outC2ERNS_7triport4portE
                0x0000000003803574       0x18 /home/nixuser/.config/Code/User/globalStorage/vexrobotics.vexcode/sdk/cpp/V5/V5_20240223_11_00_00/vexv5/libv5rt.a(vex_triport.cpp.obj)
                0x0000000003803574                vex::digital_out::digital_out(vex::triport::port&)
                0x0000000003803574                vex::digital_out::digital_out(vex::triport::port&)
 .text._ZN3vex11digital_out3setEb
                0x000000000380358c        0x8 /home/nixuser/.config/Code/User/globalStorage/vexrobotics.vexcode/sdk/cpp/V5/V5_20240223_11_00_00/vexv5/libv5rt.a(vex_triport.cpp.obj)
                0x000000000380358c                vex::digital_out::set(bool)
 .text._ZN3vex10pneumaticsC2ERNS_7triport4portE
                0x0000000003803594       0x14 /home/nixuser/.config/Code/User/globalStorage/vexrobotics.vexcode/sdk/cpp/V5/V5_20240223_11_00_00/vexv5/libv5rt.a(vex_triport.cpp.obj)
                0x0000000003803594                vex::pneumatics::pneumatics(vex::triport::port&)
                0x0000000003803594                vex::pneumatics::pneumatics(vex::triport::port&)
 .text._ZN3vex10pneumaticsD2Ev
                0x00000000038035a8        0x4 /home/nixuser/.config/Code/User/globalStorage/vexrobotics.vexcode/sdk/cpp/V5/V5_20240223_11_00_00/vexv5/libv5rt.a(vex_triport.cpp.obj)
                0x00000000038035a8                vex::pneumatics::~pneumatics()
                0x00000000038035a8                vex::pneumatics::~pneumatics()
 .text._ZN3vex5colorD2Ev
                0x00000000038035ac        0x4 /home/nixuser/.config/Code/User/globalStorage/vexrobotics.vexcode/sdk/cpp/V5/V5_20240223_11_00_00/vexv5/libv5rt.a(vex_color.cpp.obj)
                0x00000000038035ac                vex::color::~color()
                0x00000000038035ac                vex::color::~color()
 .text._ZNK3vex5colorcvmEv
                0x00000000038035b0        0x8 /home/nixuser/.config/Code/User/globalStorage/vexrobotics.vexcode/sdk/cpp/V5/V5_20240223_11_00_00/vexv5/libv5rt.a(vex_color.cpp.obj)
                0x00000000038035b0                vex::color::operator unsigned long() const
 .text.startup._GLOBAL__sub_I__ZN3vex5color5blackE
                0x00000000038035b8      0x164 /home/nixuser/.config/Code/User/globalStorage/vexrobotics.vexcode/sdk/cpp/V5/V5_20240223_11_00_00/vexv5/libv5rt.a(vex_color.cpp.obj)
 .text._ZN3vex5timerD2Ev
                0x000000000380371c        0x4 /home/nixuser/.config/Code/User/globalStorage/vexrobotics.vexcode/sdk/cpp/V5/V5_20240223_11_00_00/vexv5/libv5rt.a(vex_timer.cpp.obj)
                0x000000000380371c                vex::timer::~timer()
                0x000000000380371c                vex::timer::~timer()
 .text._ZN3vex5timer5clearEv
                0x0000000003803720       0x1c /home/nixuser/.config/Code/User/globalStorage/vexrobotics.vexcode/sdk/cpp/V5/V5_20240223_11_00_00/vexv5/libv5rt.a(vex_timer.cpp.obj)
                0x0000000003803720                vex::timer::clear()
 .text._ZN3vex5timerC2Ev
                0x000000000380373c       0x14 /home/nixuser/.config/Code/User/globalStorage/vexrobotics.vexcode/sdk/cpp/V5/V5_20240223_11_00_00/vexv5/libv5rt.a(vex_timer.cpp.obj)
                0x000000000380373c                vex::timer::timer()
                0x000000000380373c                vex::timer::timer()
 .text._ZNK3vex5timer4timeEv
                0x0000000003803750       0x1c /home/nixuser/.config/Code/User/globalStorage/vexrobotics.vexcode/sdk/cpp/V5/V5_20240223_11_00_00/vexv5/libv5rt.a(vex_timer.cpp.obj)
                0x0000000003803750                vex::timer::time() const
 .text.vexAdiPortConfigSet
                0x000000000380376c       0x28 /home/nixuser/.config/Code/User/globalStorage/vexrobotics.vexcode/sdk/cpp/V5/V5_20240223_11_00_00/vexv5/libv5rt.a(v5_apiuser.c.obj)
                0x000000000380376c                vexAdiPortConfigSet
 .text.vexAdiPortConfigGet
                0x0000000003803794       0x28 /home/nixuser/.config/Code/User/globalStorage/vexrobotics.vexcode/sdk/cpp/V5/V5_20240223_11_00_00/vexv5/libv5rt.a(v5_apiuser.c.obj)
                0x0000000003803794                vexAdiPortConfigGet
 .text.vexAdiValueSet
                0x00000000038037bc       0x28 /home/nixuser/.config/Code/User/globalStorage/vexrobotics.vexcode/sdk/cpp/V5/V5_20240223_11_00_00/vexv5/libv5rt.a(v5_apiuser.c.obj)
                0x00000000038037bc                vexAdiValueSet
 .text.vexMotorVelocitySet
                0x00000000038037e4       0x20 /home/nixuser/.config/Code/User/globalStorage/vexrobotics.vexcode/sdk/cpp/V5/V5_20240223_11_00_00/vexv5/libv5rt.a(v5_apiuser.c.obj)
                0x00000000038037e4                vexMotorVelocitySet
 .text.vexMotorActualVelocityGet
                0x0000000003803804       0x24 /home/nixuser/.config/Code/User/globalStorage/vexrobotics.vexcode/sdk/cpp/V5/V5_20240223_11_00_00/vexv5/libv5rt.a(v5_apiuser.c.obj)
                0x0000000003803804                vexMotorActualVelocityGet
 .text.vexMotorReverseFlagSet
                0x0000000003803828       0x20 /home/nixuser/.config/Code/User/globalStorage/vexrobotics.vexcode/sdk/cpp/V5/V5_20240223_11_00_00/vexv5/libv5rt.a(v5_apiuser.c.obj)
                0x0000000003803828                vexMotorReverseFlagSet
 .text.vexMotorBrakeModeSet
                0x0000000003803848       0x20 /home/nixuser/.config/Code/User/globalStorage/vexrobotics.vexcode/sdk/cpp/V5/V5_20240223_11_00_00/vexv5/libv5rt.a(v5_apiuser.c.obj)
                0x0000000003803848                vexMotorBrakeModeSet
 .text.vexMotorPositionSet
                0x0000000003803868       0x28 /home/nixuser/.config/Code/User/globalStorage/vexrobotics.vexcode/sdk/cpp/V5/V5_20240223_11_00_00/vexv5/libv5rt.a(v5_apiuser.c.obj)
                0x0000000003803868                vexMotorPositionSet
 .text.vexMotorGearingSet
                0x0000000003803890       0x20 /home/nixuser/.config/Code/User/globalStorage/vexrobotics.vexcode/sdk/cpp/V5/V5_20240223_11_00_00/vexv5/libv5rt.a(v5_apiuser.c.obj)
                0x0000000003803890                vexMotorGearingSet
 .text.vexMotorGearingGet
                0x00000000038038b0       0x18 /home/nixuser/.config/Code/User/globalStorage/vexrobotics.vexcode/sdk/cpp/V5/V5_20240223_11_00_00/vexv5/libv5rt.a(v5_apiuser.c.obj)
                0x00000000038038b0                vexMotorGearingGet
 .text.vexImuReset
                0x00000000038038c8       0x10 /home/nixuser/.config/Code/User/globalStorage/vexrobotics.vexcode/sdk/cpp/V5/V5_20240223_11_00_00/vexv5/libv5rt.a(v5_apiuser.c.obj)
                0x00000000038038c8                vexImuReset
 .text.vexImuHeadingGet
                0x00000000038038d8       0x10 /home/nixuser/.config/Code/User/globalStorage/vexrobotics.vexcode/sdk/cpp/V5/V5_20240223_11_00_00/vexv5/libv5rt.a(v5_apiuser.c.obj)
                0x00000000038038d8                vexImuHeadingGet
 .text.vexImuDegreesGet
                0x00000000038038e8       0x10 /home/nixuser/.config/Code/User/globalStorage/vexrobotics.vexcode/sdk/cpp/V5/V5_20240223_11_00_00/vexv5/libv5rt.a(v5_apiuser.c.obj)
                0x00000000038038e8                vexImuDegreesGet
 .text.vexImuStatusGet
                0x00000000038038f8       0x10 /home/nixuser/.config/Code/User/globalStorage/vexrobotics.vexcode/sdk/cpp/V5/V5_20240223_11_00_00/vexv5/libv5rt.a(v5_apiuser.c.obj)
                0x00000000038038f8                vexImuStatusGet
 .text.vexAbsEncPositionGet
                0x0000000003803908       0x10 /home/nixuser/.config/Code/User/globalStorage/vexrobotics.vexcode/sdk/cpp/V5/V5_20240223_11_00_00/vexv5/libv5rt.a(v5_apiuser.c.obj)
                0x0000000003803908                vexAbsEncPositionGet
 .text.vexAbsEncAngleGet
                0x0000000003803918       0x10 /home/nixuser/.config/Code/User/globalStorage/vexrobotics.vexcode/sdk/cpp/V5/V5_20240223_11_00_00/vexv5/libv5rt.a(v5_apiuser.c.obj)
                0x0000000003803918                vexAbsEncAngleGet
 .text.vexAbsEncReverseFlagSet
                0x0000000003803928       0x18 /home/nixuser/.config/Code/User/globalStorage/vexrobotics.vexcode/sdk/cpp/V5/V5_20240223_11_00_00/vexv5/libv5rt.a(v5_apiuser.c.obj)
                0x0000000003803928                vexAbsEncReverseFlagSet
 .text.vexEventMaskSet
                0x0000000003803940       0x28 /home/nixuser/.config/Code/User/globalStorage/vexrobotics.vexcode/sdk/cpp/V5/V5_20240223_11_00_00/vexv5/libv5rt.a(v5_apiuser.c.obj)
                0x0000000003803940                vexEventMaskSet
 .text.vexEventMaskGet
                0x0000000003803968       0x18 /home/nixuser/.config/Code/User/globalStorage/vexrobotics.vexcode/sdk/cpp/V5/V5_20240223_11_00_00/vexv5/libv5rt.a(v5_apiuser.c.obj)
                0x0000000003803968                vexEventMaskGet
 .text.__aeabi_memclr
                0x0000000003803980        0x8 /home/nixuser/.config/Code/User/globalStorage/vexrobotics.vexcode/sdk/cpp/V5/V5_20240223_11_00_00/vexv5/gcc/libs/libc.a(lib_a-aeabi_memclr.o)
                0x0000000003803980                __aeabi_memclr8
                0x0000000003803980                __aeabi_memclr4
                0x0000000003803980                __aeabi_memclr
 .text.__aeabi_memcpy
                0x0000000003803988        0x4 /home/nixuser/.config/Code/User/globalStorage/vexrobotics.vexcode/sdk/cpp/V5/V5_20240223_11_00_00/vexv5/gcc/libs/libc.a(lib_a-aeabi_memcpy.o)
                0x0000000003803988                __aeabi_memcpy4
                0x0000000003803988                __aeabi_memcpy
                0x0000000003803988                __aeabi_memcpy8
 .text.__libc_fini_array
                0x000000000380398c       0x30 /home/nixuser/.config/Code/User/globalStorage/vexrobotics.vexcode/sdk/cpp/V5/V5_20240223_11_00_00/vexv5/gcc/libs/libc.a(lib_a-fini.o)
                0x000000000380398c                __libc_fini_array
 .text.__libc_init_array
                0x00000000038039bc       0x58 /home/nixuser/.config/Code/User/globalStorage/vexrobotics.vexcode/sdk/cpp/V5/V5_20240223_11_00_00/vexv5/gcc/libs/libc.a(lib_a-init.o)
                0x00000000038039bc                __libc_init_array
 .text.memcpy   0x0000000003803a14       0xa8 /home/nixuser/.config/Code/User/globalStorage/vexrobotics.vexcode/sdk/cpp/V5/V5_20240223_11_00_00/vexv5/gcc/libs/libc.a(lib_a-memcpy.o)
                0x0000000003803a14                memcpy
 *fill*         0x0000000003803abc        0x4 
 .text.memcpy.__stub
                0x0000000003803ac0       0x10 linker stubs
 *(.gnu.linkonce.t.*)
 *(.plt)
 *(.gnu_warning)
 *(.gcc_except_table)
 *(.glue_7)
 .glue_7        0x0000000003803ad0        0x0 linker stubs
 *(.glue_7t)
 .glue_7t       0x0000000003803ad0        0x0 linker stubs
 *(.vfp11_veneer)
 .vfp11_veneer  0x0000000003803ad0        0x0 linker stubs
 *(.ARM.extab)
 *(.gnu.linkonce.armextab.*)

.v4_bx          0x0000000003803ad0        0x0
 .v4_bx         0x0000000003803ad0        0x0 linker stubs

.iplt           0x0000000003803ad0        0x0
 .iplt          0x0000000003803ad0        0x0 build/src/main.o

.init
 *(.init)

.fini
 *(.fini)

.rodata         0x0000000003803ad0      0x1dc
                0x0000000003803ad0                __rodata_start = .
 *(.rodata)
 *(.rodata.*)
 .rodata.str1.1
                0x0000000003803ad0       0x2c build/src/main.o
                                         0x2e (size before relaxing)
 .rodata.str1.1
                0x0000000003803afc       0x2e /home/nixuser/.config/Code/User/globalStorage/vexrobotics.vexcode/sdk/cpp/V5/V5_20240223_11_00_00/vexv5/libv5rt.a(v5_startup.c.obj)
 *fill*         0x0000000003803b2a        0x2 
 .rodata._ZN3vex6PORT20E
                0x0000000003803b2c        0x4 /home/nixuser/.config/Code/User/globalStorage/vexrobotics.vexcode/sdk/cpp/V5/V5_20240223_11_00_00/vexv5/libv5rt.a(vex_global.cpp.obj)
                0x0000000003803b2c                vex::PORT20
 .rodata._ZN3vex5PORT1E
                0x0000000003803b30        0x4 /home/nixuser/.config/Code/User/globalStorage/vexrobotics.vexcode/sdk/cpp/V5/V5_20240223_11_00_00/vexv5/libv5rt.a(vex_global.cpp.obj)
                0x0000000003803b30                vex::PORT1
 .rodata._ZN3vex6PORT10E
                0x0000000003803b34        0x4 /home/nixuser/.config/Code/User/globalStorage/vexrobotics.vexcode/sdk/cpp/V5/V5_20240223_11_00_00/vexv5/libv5rt.a(vex_global.cpp.obj)
                0x0000000003803b34                vex::PORT10
 .rodata._ZN3vex7forwardE
                0x0000000003803b38        0x4 /home/nixuser/.config/Code/User/globalStorage/vexrobotics.vexcode/sdk/cpp/V5/V5_20240223_11_00_00/vexv5/libv5rt.a(vex_global.cpp.obj)
                0x0000000003803b38                vex::forward
 .rodata._ZN3vex4msecE
                0x0000000003803b3c        0x4 /home/nixuser/.config/Code/User/globalStorage/vexrobotics.vexcode/sdk/cpp/V5/V5_20240223_11_00_00/vexv5/libv5rt.a(vex_global.cpp.obj)
                0x0000000003803b3c                vex::msec
 .rodata._ZN3vex5PORT9E
                0x0000000003803b40        0x4 /home/nixuser/.config/Code/User/globalStorage/vexrobotics.vexcode/sdk/cpp/V5/V5_20240223_11_00_00/vexv5/libv5rt.a(vex_global.cpp.obj)
                0x0000000003803b40                vex::PORT9
 .rodata._ZN3vex5PORT2E
                0x0000000003803b44        0x4 /home/nixuser/.config/Code/User/globalStorage/vexrobotics.vexcode/sdk/cpp/V5/V5_20240223_11_00_00/vexv5/libv5rt.a(vex_global.cpp.obj)
                0x0000000003803b44                vex::PORT2
 .rodata._ZN3vex6PORT11E
                0x0000000003803b48        0x4 /home/nixuser/.config/Code/User/globalStorage/vexrobotics.vexcode/sdk/cpp/V5/V5_20240223_11_00_00/vexv5/libv5rt.a(vex_global.cpp.obj)
                0x0000000003803b48                vex::PORT11
 .rodata._ZN3vex5PORT6E
                0x0000000003803b4c        0x4 /home/nixuser/.config/Code/User/globalStorage/vexrobotics.vexcode/sdk/cpp/V5/V5_20240223_11_00_00/vexv5/libv5rt.a(vex_global.cpp.obj)
                0x0000000003803b4c                vex::PORT6
 .rodata._ZN3vex7primaryE
                0x0000000003803b50        0x4 /home/nixuser/.config/Code/User/globalStorage/vexrobotics.vexcode/sdk/cpp/V5/V5_20240223_11_00_00/vexv5/libv5rt.a(vex_global.cpp.obj)
                0x0000000003803b50                vex::primary
 .rodata._ZN3vex7percentE
                0x0000000003803b54        0x4 /home/nixuser/.config/Code/User/globalStorage/vexrobotics.vexcode/sdk/cpp/V5/V5_20240223_11_00_00/vexv5/libv5rt.a(vex_global.cpp.obj)
                0x0000000003803b54                vex::percent
 .rodata._ZN3vex6PORT19E
                0x0000000003803b58        0x4 /home/nixuser/.config/Code/User/globalStorage/vexrobotics.vexcode/sdk/cpp/V5/V5_20240223_11_00_00/vexv5/libv5rt.a(vex_global.cpp.obj)
                0x0000000003803b58                vex::PORT19
 .rodata._ZN3vex7degreesE
                0x0000000003803b5c        0x4 /home/nixuser/.config/Code/User/globalStorage/vexrobotics.vexcode/sdk/cpp/V5/V5_20240223_11_00_00/vexv5/libv5rt.a(vex_global.cpp.obj)
                0x0000000003803b5c                vex::degrees
 .rodata._ZN3vex6PORT22E
                0x0000000003803b60        0x4 /home/nixuser/.config/Code/User/globalStorage/vexrobotics.vexcode/sdk/cpp/V5/V5_20240223_11_00_00/vexv5/libv5rt.a(vex_global.cpp.obj)
                0x0000000003803b60                vex::PORT22
 .rodata._ZN3vex6PORT12E
                0x0000000003803b64        0x4 /home/nixuser/.config/Code/User/globalStorage/vexrobotics.vexcode/sdk/cpp/V5/V5_20240223_11_00_00/vexv5/libv5rt.a(vex_global.cpp.obj)
                0x0000000003803b64                vex::PORT12
 .rodata._ZN3vex5PORT7E
                0x0000000003803b68        0x4 /home/nixuser/.config/Code/User/globalStorage/vexrobotics.vexcode/sdk/cpp/V5/V5_20240223_11_00_00/vexv5/libv5rt.a(vex_global.cpp.obj)
                0x0000000003803b68                vex::PORT7
 .rodata._ZN3vex6PORT13E
                0x0000000003803b6c        0x4 /home/nixuser/.config/Code/User/globalStorage/vexrobotics.vexcode/sdk/cpp/V5/V5_20240223_11_00_00/vexv5/libv5rt.a(vex_global.cpp.obj)
                0x0000000003803b6c                vex::PORT13
 .rodata._ZN3vex9ratio18_1E
                0x0000000003803b70        0x4 /home/nixuser/.config/Code/User/globalStorage/vexrobotics.vexcode/sdk/cpp/V5/V5_20240223_11_00_00/vexv5/libv5rt.a(vex_global.cpp.obj)
                0x0000000003803b70                vex::ratio18_1
 *fill*         0x0000000003803b74        0x4 
 .rodata._ZTVN3vex6deviceE
                0x0000000003803b78       0x18 /home/nixuser/.config/Code/User/globalStorage/vexrobotics.vexcode/sdk/cpp/V5/V5_20240223_11_00_00/vexv5/libv5rt.a(vex_device.cpp.obj)
                0x0000000003803b78                vtable for vex::device
 .rodata._ZTVN3vex5motorE
                0x0000000003803b90       0x18 /home/nixuser/.config/Code/User/globalStorage/vexrobotics.vexcode/sdk/cpp/V5/V5_20240223_11_00_00/vexv5/libv5rt.a(vex_motor.cpp.obj)
                0x0000000003803b90                vtable for vex::motor
 .rodata._ZTVN3vex8inertialE
                0x0000000003803ba8       0x68 /home/nixuser/.config/Code/User/globalStorage/vexrobotics.vexcode/sdk/cpp/V5/V5_20240223_11_00_00/vexv5/libv5rt.a(vex_imu.cpp.obj)
                0x0000000003803ba8                vtable for vex::inertial
 .rodata._ZTVN3vex8rotationE
                0x0000000003803c10       0x18 /home/nixuser/.config/Code/User/globalStorage/vexrobotics.vexcode/sdk/cpp/V5/V5_20240223_11_00_00/vexv5/libv5rt.a(vex_rotation.cpp.obj)
                0x0000000003803c10                vtable for vex::rotation
 .rodata.CSWTCH.16
                0x0000000003803c28        0xb /home/nixuser/.config/Code/User/globalStorage/vexrobotics.vexcode/sdk/cpp/V5/V5_20240223_11_00_00/vexv5/libv5rt.a(vex_controller.cpp.obj)
 .rodata.CSWTCH.18
                0x0000000003803c33        0xb /home/nixuser/.config/Code/User/globalStorage/vexrobotics.vexcode/sdk/cpp/V5/V5_20240223_11_00_00/vexv5/libv5rt.a(vex_controller.cpp.obj)
 .rodata.CSWTCH.24
                0x0000000003803c3e        0x3 /home/nixuser/.config/Code/User/globalStorage/vexrobotics.vexcode/sdk/cpp/V5/V5_20240223_11_00_00/vexv5/libv5rt.a(vex_controller.cpp.obj)
 .rodata.str1.1
                0x0000000003803c41       0x2d /home/nixuser/.config/Code/User/globalStorage/vexrobotics.vexcode/sdk/cpp/V5/V5_20240223_11_00_00/vexv5/libv5rt.a(vex_brain.cpp.obj)
 *fill*         0x0000000003803c6e        0x2 
 .rodata._ZTVN3vex7triportE
                0x0000000003803c70       0x18 /home/nixuser/.config/Code/User/globalStorage/vexrobotics.vexcode/sdk/cpp/V5/V5_20240223_11_00_00/vexv5/libv5rt.a(vex_triport.cpp.obj)
                0x0000000003803c70                vtable for vex::triport
 .rodata.CSWTCH.39
                0x0000000003803c88        0xe /home/nixuser/.config/Code/User/globalStorage/vexrobotics.vexcode/sdk/cpp/V5/V5_20240223_11_00_00/vexv5/libv5rt.a(vex_triport.cpp.obj)
 .rodata.CSWTCH.44
                0x0000000003803c96       0x10 /home/nixuser/.config/Code/User/globalStorage/vexrobotics.vexcode/sdk/cpp/V5/V5_20240223_11_00_00/vexv5/libv5rt.a(vex_triport.cpp.obj)
 *fill*         0x0000000003803ca6        0x2 
 .rodata.str1.4
                0x0000000003803ca8        0x4 /home/nixuser/.config/Code/User/globalStorage/vexrobotics.vexcode/sdk/cpp/V5/V5_20240223_11_00_00/vexv5/gcc/libs/libc.a(lib_a-impure.o)
                                          0x2 (size before relaxing)
 *(.gnu.linkonce.r.*)
                0x0000000003803cac                __rodata_end = .

.rodata1        0x0000000003803cac        0x0
                0x0000000003803cac                __rodata1_start = .
 *(.rodata1)
 *(.rodata1.*)
                0x0000000003803cac                __rodata1_end = .

.sdata2         0x0000000003803cac        0x0
                0x0000000003803cac                __sdata2_start = .
 *(.sdata2)
 *(.sdata2.*)
 *(.gnu.linkonce.s2.*)
                0x0000000003803cac                __sdata2_end = .

.sbss2          0x0000000003803cac        0x0
                0x0000000003803cac                __sbss2_start = .
 *(.sbss2)
 *(.sbss2.*)
 *(.gnu.linkonce.sb2.*)
                0x0000000003803cac                __sbss2_end = .

.data           0x0000000003803cb0      0x45c
                0x0000000003803cb0                __data_start = .
 *(.data)
 *(.data.*)
 .data.wheel_rad_size
                0x0000000003803cb0        0x8 build/src/main.o
                0x0000000003803cb0                wheel_rad_size
 .data.bot_radius
                0x0000000003803cb8        0x8 build/src/main.o
                0x0000000003803cb8                bot_radius
 .data.motor_speed
                0x0000000003803cc0        0x8 build/src/main.o
                0x0000000003803cc0                motor_speed
 .data.wheel_speed
                0x0000000003803cc8        0x8 build/src/main.o
                0x0000000003803cc8                wheel_speed
 .data.appRunning
                0x0000000003803cd0        0x4 /home/nixuser/.config/Code/User/globalStorage/vexrobotics.vexcode/sdk/cpp/V5/V5_20240223_11_00_00/vexv5/libv5rt.a(v5_startup.c.obj)
                0x0000000003803cd0                appRunning
 .data.__yoff   0x0000000003803cd4        0x4 /home/nixuser/.config/Code/User/globalStorage/vexrobotics.vexcode/sdk/cpp/V5/V5_20240223_11_00_00/vexv5/libv5rt.a(v5_apijump.c.obj)
 .data._ZN3vex24__default_motor_velocityE
                0x0000000003803cd8        0x4 /home/nixuser/.config/Code/User/globalStorage/vexrobotics.vexcode/sdk/cpp/V5/V5_20240223_11_00_00/vexv5/libv5rt.a(vex_motor.cpp.obj)
                0x0000000003803cd8                vex::__default_motor_velocity
 *fill*         0x0000000003803cdc        0x4 
 .data.impure_data
                0x0000000003803ce0      0x428 /home/nixuser/.config/Code/User/globalStorage/vexrobotics.vexcode/sdk/cpp/V5/V5_20240223_11_00_00/vexv5/gcc/libs/libc.a(lib_a-impure.o)
 .data._impure_ptr
                0x0000000003804108        0x4 /home/nixuser/.config/Code/User/globalStorage/vexrobotics.vexcode/sdk/cpp/V5/V5_20240223_11_00_00/vexv5/gcc/libs/libc.a(lib_a-impure.o)
                0x0000000003804108                _impure_ptr
 *(.gnu.linkonce.d.*)
 *(.jcr)
 *(.got)
 *(.got.plt)
                0x000000000380410c                __data_end = .

.igot.plt       0x000000000380410c        0x0
 .igot.plt      0x000000000380410c        0x0 build/src/main.o

.data1          0x000000000380410c        0x0
                0x000000000380410c                __data1_start = .
 *(.data1)
 *(.data1.*)
                0x000000000380410c                __data1_end = .

.got
 *(.got)

.ctors          0x000000000380410c        0x0
                0x000000000380410c                __CTOR_LIST__ = .
                0x000000000380410c                ___CTORS_LIST___ = .
 *crtbegin.o(.ctors)
 *(EXCLUDE_FILE(*crtend.o) .ctors)
 *(SORT_BY_NAME(.ctors.*))
 *(.ctors)
                0x000000000380410c                __CTOR_END__ = .
                0x000000000380410c                ___CTORS_END___ = .

.dtors          0x000000000380410c        0x0
                0x000000000380410c                __DTOR_LIST__ = .
                0x000000000380410c                ___DTORS_LIST___ = .
 *crtbegin.o(.dtors)
 *(EXCLUDE_FILE(*crtend.o) .dtors)
 *(SORT_BY_NAME(.dtors.*))
 *(.dtors)
                0x000000000380410c                __DTOR_END__ = .
                0x000000000380410c                ___DTORS_END___ = .

.fixup          0x000000000380410c        0x0
                0x000000000380410c                __fixup_start = .
 *(.fixup)
                0x000000000380410c                __fixup_end = .

.eh_frame
 *(.eh_frame)

.eh_framehdr    0x000000000380410c        0x0
                0x000000000380410c                __eh_framehdr_start = .
 *(.eh_framehdr)
                0x000000000380410c                __eh_framehdr_end = .

.gcc_except_table
 *(.gcc_except_table)

.mmu_tbl        0x0000000003808000        0x0
                0x0000000003808000                __mmu_tbl_start = .
 *(.mmu_tbl)
                0x0000000003808000                __mmu_tbl_end = .

.ARM.exidx      0x000000000380410c        0x8
                0x000000000380410c                __exidx_start = .
 *(.ARM.exidx*)
 .ARM.exidx.text._ZN7AngledMC2EN3vex5motorEddddddd
                0x000000000380410c        0x8 build/src/main.o
 .ARM.exidx.text._ZNSt6vectorI7AngledMSaIS0_EED2Ev
                0x0000000003804114        0x0 build/src/main.o
                                          0x8 (size before relaxing)
 .ARM.exidx.text._ZN7X_DriveD2Ev
                0x0000000003804114        0x0 build/src/main.o
                                          0x8 (size before relaxing)
 .ARM.exidx.text.main
                0x0000000003804114        0x0 build/src/main.o
                                          0x8 (size before relaxing)
 .ARM.exidx.text._ZN9OdomWheelC2EN3vex8rotationENS0_8inertialEdddd
                0x0000000003804114        0x0 build/src/main.o
                                          0x8 (size before relaxing)
 .ARM.exidx.text._ZN9OdomWheel6updateEv
                0x0000000003804114        0x0 build/src/main.o
                                          0x8 (size before relaxing)
 .ARM.exidx.text._ZN7X_Drive17get_max_rot_speedEv
                0x0000000003804114        0x0 build/src/main.o
                                          0x8 (size before relaxing)
 .ARM.exidx.text._ZN7X_Drive17get_max_lin_speedEd
                0x0000000003804114        0x0 build/src/main.o
                                          0x8 (size before relaxing)
 .ARM.exidx.text._ZN7X_Drive6updateEv
                0x0000000003804114        0x0 build/src/main.o
                                          0x8 (size before relaxing)
 .ARM.exidx.text._ZNSt6vectorI7AngledMSaIS0_EEC2ERKS2_
                0x0000000003804114        0x0 build/src/main.o
                                          0x8 (size before relaxing)
 .ARM.exidx.text._ZNSt12_Vector_baseI7AngledMSaIS0_EE11_M_allocateEj
                0x0000000003804114        0x0 build/src/main.o
                                          0x8 (size before relaxing)
 .ARM.exidx.text._ZN7AngledM17get_max_lin_speedEd
                0x0000000003804114        0x0 build/src/main.o
                                          0x8 (size before relaxing)
 .ARM.exidx.text._ZNSt6vectorIdSaIdEEC2EjRKS0_
                0x0000000003804114        0x0 build/src/main.o
                                          0x8 (size before relaxing)
 .ARM.exidx.text._ZN7AngledM9set_speedEd
                0x0000000003804114        0x0 build/src/main.o
                                          0x8 (size before relaxing)
 .ARM.exidx.text._ZNSt12_Vector_baseIdSaIdEE11_M_allocateEj
                0x0000000003804114        0x0 build/src/main.o
                                          0x8 (size before relaxing)
 .ARM.exidx.text._ZNSt12_Destroy_auxILb0EE9__destroyIP7AngledMEEvT_S4_
                0x0000000003804114        0x0 build/src/main.o
                                          0x8 (size before relaxing)
 .ARM.exidx.text._GLOBAL__sub_I_main.cpp
                0x0000000003804114        0x0 build/src/main.o
                                          0x8 (size before relaxing)
 *(.gnu.linkonce.armexidix.*.*)
                0x0000000003804114                __exidx_end = .

.rel.dyn        0x0000000003804114        0x0
 .rel.iplt      0x0000000003804114        0x0 build/src/main.o

.preinit_array  0x0000000003804114        0x0
                0x0000000003804114                __preinit_array_start = .
 *(SORT_BY_NAME(.preinit_array.*))
 *(.preinit_array)
                0x0000000003804114                __preinit_array_end = .

.init_array     0x0000000003804114        0x8
                0x0000000003804114                __init_array_start = .
 *(SORT_BY_NAME(.init_array.*))
 *(.init_array)
 .init_array    0x0000000003804114        0x4 build/src/main.o
 .init_array    0x0000000003804118        0x4 /home/nixuser/.config/Code/User/globalStorage/vexrobotics.vexcode/sdk/cpp/V5/V5_20240223_11_00_00/vexv5/libv5rt.a(vex_color.cpp.obj)
                0x000000000380411c                __init_array_end = .

.fini_array     0x000000000380411c        0x0
                0x000000000380411c                __fini_array_start = .
 *(SORT_BY_NAME(.fini_array.*))
 *(.fini_array)
                0x000000000380411c                __fini_array_end = .

.ARM.attributes
                0x000000000380411c       0x3a
                0x000000000380411c                __ARM.attributes_start = .
 *(.ARM.attributes)
 .ARM.attributes
                0x000000000380411c       0x3a build/src/main.o
 .ARM.attributes
                0x0000000003804156       0x35 /home/nixuser/.config/Code/User/globalStorage/vexrobotics.vexcode/sdk/cpp/V5/V5_20240223_11_00_00/vexv5/libv5rt.a(v5_startup.c.obj)
 .ARM.attributes
                0x000000000380418b       0x35 /home/nixuser/.config/Code/User/globalStorage/vexrobotics.vexcode/sdk/cpp/V5/V5_20240223_11_00_00/vexv5/libv5rt.a(v5_util.c.obj)
 .ARM.attributes
                0x00000000038041c0       0x35 /home/nixuser/.config/Code/User/globalStorage/vexrobotics.vexcode/sdk/cpp/V5/V5_20240223_11_00_00/vexv5/libv5rt.a(v5_apijump.c.obj)
 .ARM.attributes
                0x00000000038041f5       0x35 /home/nixuser/.config/Code/User/globalStorage/vexrobotics.vexcode/sdk/cpp/V5/V5_20240223_11_00_00/vexv5/libv5rt.a(v5_apiversions.c.obj)
 .ARM.attributes
                0x000000000380422a       0x35 /home/nixuser/.config/Code/User/globalStorage/vexrobotics.vexcode/sdk/cpp/V5/V5_20240223_11_00_00/vexv5/libv5rt.a(vex_global.cpp.obj)
 .ARM.attributes
                0x000000000380425f       0x35 /home/nixuser/.config/Code/User/globalStorage/vexrobotics.vexcode/sdk/cpp/V5/V5_20240223_11_00_00/vexv5/libv5rt.a(vex_device.cpp.obj)
 .ARM.attributes
                0x0000000003804294       0x35 /home/nixuser/.config/Code/User/globalStorage/vexrobotics.vexcode/sdk/cpp/V5/V5_20240223_11_00_00/vexv5/libv5rt.a(vex_motor.cpp.obj)
 .ARM.attributes
                0x00000000038042c9       0x35 /home/nixuser/.config/Code/User/globalStorage/vexrobotics.vexcode/sdk/cpp/V5/V5_20240223_11_00_00/vexv5/libv5rt.a(vex_imu.cpp.obj)
 .ARM.attributes
                0x00000000038042fe       0x35 /home/nixuser/.config/Code/User/globalStorage/vexrobotics.vexcode/sdk/cpp/V5/V5_20240223_11_00_00/vexv5/libv5rt.a(vex_rotation.cpp.obj)
 .ARM.attributes
                0x0000000003804333       0x35 /home/nixuser/.config/Code/User/globalStorage/vexrobotics.vexcode/sdk/cpp/V5/V5_20240223_11_00_00/vexv5/libv5rt.a(vex_controller.cpp.obj)
 .ARM.attributes
                0x0000000003804368       0x35 /home/nixuser/.config/Code/User/globalStorage/vexrobotics.vexcode/sdk/cpp/V5/V5_20240223_11_00_00/vexv5/libv5rt.a(vex_thread.cpp.obj)
 .ARM.attributes
                0x000000000380439d       0x35 /home/nixuser/.config/Code/User/globalStorage/vexrobotics.vexcode/sdk/cpp/V5/V5_20240223_11_00_00/vexv5/libv5rt.a(vex_event.cpp.obj)
 .ARM.attributes
                0x00000000038043d2       0x35 /home/nixuser/.config/Code/User/globalStorage/vexrobotics.vexcode/sdk/cpp/V5/V5_20240223_11_00_00/vexv5/libv5rt.a(vex_mevent.cpp.obj)
 .ARM.attributes
                0x0000000003804407       0x35 /home/nixuser/.config/Code/User/globalStorage/vexrobotics.vexcode/sdk/cpp/V5/V5_20240223_11_00_00/vexv5/libv5rt.a(vex_brain.cpp.obj)
 .ARM.attributes
                0x000000000380443c       0x35 /home/nixuser/.config/Code/User/globalStorage/vexrobotics.vexcode/sdk/cpp/V5/V5_20240223_11_00_00/vexv5/libv5rt.a(vex_triport.cpp.obj)
 .ARM.attributes
                0x0000000003804471       0x35 /home/nixuser/.config/Code/User/globalStorage/vexrobotics.vexcode/sdk/cpp/V5/V5_20240223_11_00_00/vexv5/libv5rt.a(vex_color.cpp.obj)
 .ARM.attributes
                0x00000000038044a6       0x35 /home/nixuser/.config/Code/User/globalStorage/vexrobotics.vexcode/sdk/cpp/V5/V5_20240223_11_00_00/vexv5/libv5rt.a(vex_timer.cpp.obj)
 .ARM.attributes
                0x00000000038044db       0x35 /home/nixuser/.config/Code/User/globalStorage/vexrobotics.vexcode/sdk/cpp/V5/V5_20240223_11_00_00/vexv5/libv5rt.a(v5_apiuser.c.obj)
 .ARM.attributes
                0x0000000003804510       0x2b /home/nixuser/.config/Code/User/globalStorage/vexrobotics.vexcode/sdk/cpp/V5/V5_20240223_11_00_00/vexv5/gcc/libs/libc.a(lib_a-aeabi_memclr.o)
 .ARM.attributes
                0x000000000380453b       0x2b /home/nixuser/.config/Code/User/globalStorage/vexrobotics.vexcode/sdk/cpp/V5/V5_20240223_11_00_00/vexv5/gcc/libs/libc.a(lib_a-aeabi_memcpy.o)
 .ARM.attributes
                0x0000000003804566       0x19 /home/nixuser/.config/Code/User/globalStorage/vexrobotics.vexcode/sdk/cpp/V5/V5_20240223_11_00_00/vexv5/gcc/libs/libc.a(lib_a-aeabi_memset-soft.o)
 .ARM.attributes
                0x000000000380457f       0x2b /home/nixuser/.config/Code/User/globalStorage/vexrobotics.vexcode/sdk/cpp/V5/V5_20240223_11_00_00/vexv5/gcc/libs/libc.a(lib_a-fini.o)
 .ARM.attributes
                0x00000000038045aa       0x2b /home/nixuser/.config/Code/User/globalStorage/vexrobotics.vexcode/sdk/cpp/V5/V5_20240223_11_00_00/vexv5/gcc/libs/libc.a(lib_a-impure.o)
 .ARM.attributes
                0x00000000038045d5       0x2b /home/nixuser/.config/Code/User/globalStorage/vexrobotics.vexcode/sdk/cpp/V5/V5_20240223_11_00_00/vexv5/gcc/libs/libc.a(lib_a-init.o)
 .ARM.attributes
                0x0000000003804600       0x2b /home/nixuser/.config/Code/User/globalStorage/vexrobotics.vexcode/sdk/cpp/V5/V5_20240223_11_00_00/vexv5/gcc/libs/libc.a(lib_a-memcpy.o)
                0x000000000380462b                __ARM.attributes_end = .

.sdata          0x000000000380411c        0x0
                0x000000000380411c                __sdata_start = .
 *(.sdata)
 *(.sdata.*)
 *(.gnu.linkonce.s.*)
                0x000000000380411c                __sdata_end = .

.sbss           0x000000000380411c        0x0
                0x000000000380411c                __sbss_start = .
 *(.sbss)
 *(.sbss.*)
 *(.gnu.linkonce.sb.*)
                0x000000000380411c                __sbss_end = .

.tdata          0x000000000380411c        0x0
                0x000000000380411c                __tdata_start = .
 *(.tdata)
 *(.tdata.*)
 *(.gnu.linkonce.td.*)
                0x000000000380411c                __tdata_end = .

.tbss           0x000000000380411c        0x0
                0x000000000380411c                __tbss_start = .
 *(.tbss)
 *(.tbss.*)
 *(.gnu.linkonce.tb.*)
                0x000000000380411c                __tbss_end = .

.bss            0x0000000003804120      0x565
                0x0000000003804120                __bss_start = .
 *(.bss)
 *(.bss.*)
 .bss._ZStL8__ioinit
                0x0000000003804120        0x1 build/src/main.o
 *fill*         0x0000000003804121        0x3 
 .bss.Timer     0x0000000003804124        0x8 build/src/main.o
                0x0000000003804124                Timer
 .bss.Brain     0x000000000380412c      0x2bc build/src/main.o
                0x000000000380412c                Brain
 .bss.Clamp_Actuator
                0x00000000038043e8       0x18 build/src/main.o
                0x00000000038043e8                Clamp_Actuator
 .bss.motor_reference
                0x0000000003804400        0x8 build/src/main.o
                0x0000000003804400                motor_reference
 .bss.initialMotors
                0x0000000003804408        0xc build/src/main.o
                0x0000000003804408                initialMotors
 *fill*         0x0000000003804414        0x4 
 .bss.X_Group   0x0000000003804418       0x30 build/src/main.o
                0x0000000003804418                X_Group
 .bss.Controller1
                0x0000000003804448      0x1ac build/src/main.o
                0x0000000003804448                Controller1
 *fill*         0x00000000038045f4        0x4 
 .bss.Inertial  0x00000000038045f8       0x38 build/src/main.o
                0x00000000038045f8                Inertial
 .bss.__dso_handle
                0x0000000003804630        0x4 /home/nixuser/.config/Code/User/globalStorage/vexrobotics.vexcode/sdk/cpp/V5/V5_20240223_11_00_00/vexv5/libv5rt.a(v5_startup.c.obj)
                0x0000000003804630                __dso_handle
 .bss._ZN3vex5color6orangeE
                0x0000000003804634        0x8 /home/nixuser/.config/Code/User/globalStorage/vexrobotics.vexcode/sdk/cpp/V5/V5_20240223_11_00_00/vexv5/libv5rt.a(vex_color.cpp.obj)
                0x0000000003804634                vex::color::orange
 .bss._ZN3vex5color5blackE
                0x000000000380463c        0x8 /home/nixuser/.config/Code/User/globalStorage/vexrobotics.vexcode/sdk/cpp/V5/V5_20240223_11_00_00/vexv5/libv5rt.a(vex_color.cpp.obj)
                0x000000000380463c                vex::color::black
 .bss._ZN3vex5color6yellowE
                0x0000000003804644        0x8 /home/nixuser/.config/Code/User/globalStorage/vexrobotics.vexcode/sdk/cpp/V5/V5_20240223_11_00_00/vexv5/libv5rt.a(vex_color.cpp.obj)
                0x0000000003804644                vex::color::yellow
 .bss._ZN3vex5color5greenE
                0x000000000380464c        0x8 /home/nixuser/.config/Code/User/globalStorage/vexrobotics.vexcode/sdk/cpp/V5/V5_20240223_11_00_00/vexv5/libv5rt.a(vex_color.cpp.obj)
                0x000000000380464c                vex::color::green
 .bss._ZN3vex5color6purpleE
                0x0000000003804654        0x8 /home/nixuser/.config/Code/User/globalStorage/vexrobotics.vexcode/sdk/cpp/V5/V5_20240223_11_00_00/vexv5/libv5rt.a(vex_color.cpp.obj)
                0x0000000003804654                vex::color::purple
 .bss._ZN3vex5color4cyanE
                0x000000000380465c        0x8 /home/nixuser/.config/Code/User/globalStorage/vexrobotics.vexcode/sdk/cpp/V5/V5_20240223_11_00_00/vexv5/libv5rt.a(vex_color.cpp.obj)
                0x000000000380465c                vex::color::cyan
 .bss._ZN3vex5color4blueE
                0x0000000003804664        0x8 /home/nixuser/.config/Code/User/globalStorage/vexrobotics.vexcode/sdk/cpp/V5/V5_20240223_11_00_00/vexv5/libv5rt.a(vex_color.cpp.obj)
                0x0000000003804664                vex::color::blue
 .bss._ZN3vex5color3redE
                0x000000000380466c        0x8 /home/nixuser/.config/Code/User/globalStorage/vexrobotics.vexcode/sdk/cpp/V5/V5_20240223_11_00_00/vexv5/libv5rt.a(vex_color.cpp.obj)
                0x000000000380466c                vex::color::red
 .bss._ZN3vex5color11transparentE
                0x0000000003804674        0x8 /home/nixuser/.config/Code/User/globalStorage/vexrobotics.vexcode/sdk/cpp/V5/V5_20240223_11_00_00/vexv5/libv5rt.a(vex_color.cpp.obj)
                0x0000000003804674                vex::color::transparent
 .bss._ZN3vex5color5whiteE
                0x000000000380467c        0x8 /home/nixuser/.config/Code/User/globalStorage/vexrobotics.vexcode/sdk/cpp/V5/V5_20240223_11_00_00/vexv5/libv5rt.a(vex_color.cpp.obj)
                0x000000000380467c                vex::color::white
 *(.gnu.linkonce.b.*)
 *(COMMON)
 COMMON         0x0000000003804684        0x1 /home/nixuser/.config/Code/User/globalStorage/vexrobotics.vexcode/sdk/cpp/V5/V5_20240223_11_00_00/vexv5/libv5rt.a(v5_startup.c.obj)
                0x0000000003804684                __vex_critical_section
                0x0000000003804685                __bss_end = .
                0x000000000380411c                _SDA_BASE_ = (__sdata_start + ((__sbss_end - __sdata_start) / 0x2))
                0x0000000003803cac                _SDA2_BASE_ = (__sdata2_start + ((__sbss2_end - __sdata2_start) / 0x2))

.heap           0x0000000003804685   0x10000b
                0x0000000003804690                . = ALIGN (0x10)
 *fill*         0x0000000003804685        0xb 
                0x0000000003804690                _heap = .
                0x0000000003804690                HeapBase = .
                0x0000000003804690                _heap_start = .
                0x0000000003904690                . = (. + _HEAP_SIZE)
 *fill*         0x0000000003804690   0x100000 
                0x0000000003904690                _heap_end = .
                0x0000000003904690                HeapLimit = .

.stack          0x0000000003904690     0x3800
                0x0000000003904690                . = ALIGN (0x10)
                0x0000000003904690                _stack_end = .
                0x0000000003906690                . = (. + _STACK_SIZE)
 *fill*         0x0000000003904690     0x2000 
                0x0000000003906690                . = ALIGN (0x10)
                0x0000000003906690                _stack = .
                0x0000000003906690                __stack = _stack
                0x0000000003906690                . = ALIGN (0x10)
                0x0000000003906690                _irq_stack_end = .
                0x0000000003906a90                . = (. + _IRQ_STACK_SIZE)
 *fill*         0x0000000003906690      0x400 
                0x0000000003906a90                . = ALIGN (0x10)
                0x0000000003906a90                __irq_stack = .
                0x0000000003906a90                _supervisor_stack_end = .
                0x0000000003907290                . = (. + _SUPERVISOR_STACK_SIZE)
 *fill*         0x0000000003906a90      0x800 
                0x0000000003907290                . = ALIGN (0x10)
                0x0000000003907290                __supervisor_stack = .
                0x0000000003907290                _abort_stack_end = .
                0x0000000003907690                . = (. + _ABORT_STACK_SIZE)
 *fill*         0x0000000003907290      0x400 
                0x0000000003907690                . = ALIGN (0x10)
                0x0000000003907690                __abort_stack = .
                0x0000000003907690                _fiq_stack_end = .
                0x0000000003907a90                . = (. + _FIQ_STACK_SIZE)
 *fill*         0x0000000003907690      0x400 
                0x0000000003907a90                . = ALIGN (0x10)
                0x0000000003907a90                __fiq_stack = .
                0x0000000003907a90                _undef_stack_end = .
                0x0000000003907e90                . = (. + _UNDEF_STACK_SIZE)
 *fill*         0x0000000003907a90      0x400 
                0x0000000003907e90                . = ALIGN (0x10)
                0x0000000003907e90                __undef_stack = .
                0x0000000003907e90                _end = .
LOAD /home/nixuser/.config/Code/User/globalStorage/vexrobotics.vexcode/sdk/cpp/V5/V5_20240223_11_00_00/vexv5/stdlib_0.lib
LOAD build/src/main.o
START GROUP
LOAD /home/nixuser/.config/Code/User/globalStorage/vexrobotics.vexcode/sdk/cpp/V5/V5_20240223_11_00_00/vexv5/libv5rt.a
LOAD /home/nixuser/.config/Code/User/globalStorage/vexrobotics.vexcode/sdk/cpp/V5/V5_20240223_11_00_00/vexv5/gcc/libs/libstdc++.a
LOAD /home/nixuser/.config/Code/User/globalStorage/vexrobotics.vexcode/sdk/cpp/V5/V5_20240223_11_00_00/vexv5/gcc/libs/libc.a
LOAD /home/nixuser/.config/Code/User/globalStorage/vexrobotics.vexcode/sdk/cpp/V5/V5_20240223_11_00_00/vexv5/gcc/libs/libm.a
LOAD /home/nixuser/.config/Code/User/globalStorage/vexrobotics.vexcode/sdk/cpp/V5/V5_20240223_11_00_00/vexv5/gcc/libs/libgcc.a
END GROUP
OUTPUT(build/test10.elf elf32-littlearm)

.comment        0x0000000000000000       0x9d
 .comment       0x0000000000000000       0x2d build/src/main.o
                                         0x2e (size before relaxing)
 .comment       0x000000000000002d       0x70 /home/nixuser/.config/Code/User/globalStorage/vexrobotics.vexcode/sdk/cpp/V5/V5_20240223_11_00_00/vexv5/libv5rt.a(v5_startup.c.obj)
                                         0x71 (size before relaxing)
 .comment       0x000000000000009d       0x71 /home/nixuser/.config/Code/User/globalStorage/vexrobotics.vexcode/sdk/cpp/V5/V5_20240223_11_00_00/vexv5/libv5rt.a(v5_util.c.obj)
 .comment       0x000000000000009d       0x71 /home/nixuser/.config/Code/User/globalStorage/vexrobotics.vexcode/sdk/cpp/V5/V5_20240223_11_00_00/vexv5/libv5rt.a(v5_apijump.c.obj)
 .comment       0x000000000000009d       0x71 /home/nixuser/.config/Code/User/globalStorage/vexrobotics.vexcode/sdk/cpp/V5/V5_20240223_11_00_00/vexv5/libv5rt.a(v5_apiversions.c.obj)
 .comment       0x000000000000009d       0x71 /home/nixuser/.config/Code/User/globalStorage/vexrobotics.vexcode/sdk/cpp/V5/V5_20240223_11_00_00/vexv5/libv5rt.a(vex_global.cpp.obj)
 .comment       0x000000000000009d       0x71 /home/nixuser/.config/Code/User/globalStorage/vexrobotics.vexcode/sdk/cpp/V5/V5_20240223_11_00_00/vexv5/libv5rt.a(vex_device.cpp.obj)
 .comment       0x000000000000009d       0x71 /home/nixuser/.config/Code/User/globalStorage/vexrobotics.vexcode/sdk/cpp/V5/V5_20240223_11_00_00/vexv5/libv5rt.a(vex_motor.cpp.obj)
 .comment       0x000000000000009d       0x71 /home/nixuser/.config/Code/User/globalStorage/vexrobotics.vexcode/sdk/cpp/V5/V5_20240223_11_00_00/vexv5/libv5rt.a(vex_imu.cpp.obj)